Archive member included to satisfy reference by file (symbol)

/home/carlo/projects/nxp/lpc178x/tft_display/build/libtx.a(tx_initialize_high_level.o)
                              /home/carlo/projects/nxp/lpc178x/tft_display/build/obj/application/tx_initialize_low_level.o (_tx_initialize_unused_memory)
/home/carlo/projects/nxp/lpc178x/tft_display/build/libtx.a(tx_initialize_kernel_enter.o)
                              /home/carlo/projects/nxp/lpc178x/tft_display/build/obj/application/main.o (_tx_initialize_kernel_enter)
/home/carlo/projects/nxp/lpc178x/tft_display/build/libtx.a(tx_thread_initialize.o)
                              /home/carlo/projects/nxp/lpc178x/tft_display/build/obj/application/tx_initialize_low_level.o (_tx_thread_system_stack_ptr)
/home/carlo/projects/nxp/lpc178x/tft_display/build/libtx.a(tx_timer_initialize.o)
                              /home/carlo/projects/nxp/lpc178x/tft_display/build/libtx.a(tx_initialize_high_level.o) (_tx_timer_initialize)
/home/carlo/projects/nxp/lpc178x/tft_display/build/libtx.a(tx_timer_thread_entry.o)
                              /home/carlo/projects/nxp/lpc178x/tft_display/build/libtx.a(tx_timer_initialize.o) (_tx_timer_thread_entry)
/home/carlo/projects/nxp/lpc178x/tft_display/build/libtx.a(tx_thread_schedule.o)
                              /home/carlo/projects/nxp/lpc178x/tft_display/build/libtx.a(tx_initialize_kernel_enter.o) (_tx_thread_schedule)
/home/carlo/projects/nxp/lpc178x/tft_display/build/libtx.a(tx_timer_interrupt.o)
                              /home/carlo/projects/nxp/lpc178x/tft_display/build/obj/application/tx_initialize_low_level.o (_tx_timer_interrupt)
/home/carlo/projects/nxp/lpc178x/tft_display/build/libtx.a(txe_thread_create.o)
                              /home/carlo/projects/nxp/lpc178x/tft_display/build/obj/application/main.o (_txe_thread_create)
/home/carlo/projects/nxp/lpc178x/tft_display/build/libtx.a(tx_thread_create.o)
                              /home/carlo/projects/nxp/lpc178x/tft_display/build/libtx.a(tx_timer_initialize.o) (_tx_thread_create)
/home/carlo/projects/nxp/lpc178x/tft_display/build/libtx.a(tx_thread_shell_entry.o)
                              /home/carlo/projects/nxp/lpc178x/tft_display/build/libtx.a(tx_thread_create.o) (_tx_thread_shell_entry)
/home/carlo/projects/nxp/lpc178x/tft_display/build/libtx.a(tx_thread_system_preempt_check.o)
                              /home/carlo/projects/nxp/lpc178x/tft_display/build/libtx.a(txe_thread_create.o) (_tx_thread_system_preempt_check)
/home/carlo/projects/nxp/lpc178x/tft_display/build/libtx.a(tx_thread_system_resume.o)
                              /home/carlo/projects/nxp/lpc178x/tft_display/build/libtx.a(tx_thread_create.o) (_tx_thread_system_resume)
/home/carlo/projects/nxp/lpc178x/tft_display/build/libtx.a(tx_thread_system_suspend.o)
                              /home/carlo/projects/nxp/lpc178x/tft_display/build/libtx.a(tx_timer_thread_entry.o) (_tx_thread_system_suspend)
/home/carlo/projects/nxp/lpc178x/tft_display/build/libtx.a(tx_thread_timeout.o)
                              /home/carlo/projects/nxp/lpc178x/tft_display/build/libtx.a(tx_thread_create.o) (_tx_thread_timeout)
/home/carlo/projects/nxp/lpc178x/tft_display/build/libtx.a(tx_thread_time_slice.o)
                              /home/carlo/projects/nxp/lpc178x/tft_display/build/libtx.a(tx_timer_interrupt.o) (_tx_thread_time_slice)
/home/carlo/projects/nxp/lpc178x/tft_display/build/libtx.a(tx_timer_expiration_process.o)
                              /home/carlo/projects/nxp/lpc178x/tft_display/build/libtx.a(tx_timer_interrupt.o) (_tx_timer_expiration_process)
/home/carlo/projects/nxp/lpc178x/tft_display/build/libtx.a(tx_timer_system_activate.o)
                              /home/carlo/projects/nxp/lpc178x/tft_display/build/libtx.a(tx_timer_thread_entry.o) (_tx_timer_system_activate)
/home/carlo/projects/nxp/lpc178x/tft_display/build/libtx.a(tx_timer_system_deactivate.o)
                              /home/carlo/projects/nxp/lpc178x/tft_display/build/libtx.a(tx_thread_system_resume.o) (_tx_timer_system_deactivate)
/home/carlo/projects/nxp/lpc178x/tft_display/build/libtx.a(tx_thread_stack_build.o)
                              /home/carlo/projects/nxp/lpc178x/tft_display/build/libtx.a(tx_thread_create.o) (_tx_thread_stack_build)
/home/carlo/projects/nxp/lpc178x/tft_display/build/liblpc.a(iocon_17xx_40xx.o)
                              /home/carlo/projects/nxp/lpc178x/tft_display/build/obj/application/display.o (Chip_IOCON_SetPinMuxing)
/home/carlo/projects/nxp/lpc178x/tft_display/build/liblpc.a(lcd_17xx_40xx.o)
                              /home/carlo/projects/nxp/lpc178x/tft_display/build/obj/application/main.o (Chip_LCD_Init)
/home/carlo/projects/nxp/lpc178x/tft_display/build/liblpc.a(sysinit_17xx_40xx.o)
                              /home/carlo/projects/nxp/lpc178x/tft_display/build/obj/application/main.o (Chip_SystemInit)
[...]
Memory Configuration

Name             Origin             Length             Attributes
FLASH            0x0000000000000000 0x0000000000040000 xr
RAM              0x0000000020000000 0x0000000000008000 xrw
SD_RAM           0x00000000c0000000 0x0000000000800000 xrw
*default*        0x0000000000000000 0xffffffffffffffff

Linker script and memory map

LOAD /home/carlo/tools/gcc-arm-none-eabi-10-2020-q4-major-x86_64-linux/gcc-arm-none-eabi-10-2020-q4-major/bin/../lib/gcc/arm-none-eabi/10.2.1/crti.o
LOAD /home/carlo/tools/gcc-arm-none-eabi-10-2020-q4-major-x86_64-linux/gcc-arm-none-eabi-10-2020-q4-major/bin/../lib/gcc/arm-none-eabi/10.2.1/crtbegin.o
LOAD /home/carlo/tools/gcc-arm-none-eabi-10-2020-q4-major-x86_64-linux/gcc-arm-none-eabi-10-2020-q4-major/bin/../lib/gcc/arm-none-eabi/10.2.1/../../../../arm-none-eabi/lib/crt0.o
LOAD /home/carlo/projects/nxp/lpc178x/tft_display/build/obj/application/display.o
LOAD /home/carlo/projects/nxp/lpc178x/tft_display/build/obj/application/main.o
LOAD /home/carlo/projects/nxp/lpc178x/tft_display/build/obj/application/startup_ARMCM3.o
LOAD /home/carlo/projects/nxp/lpc178x/tft_display/build/obj/application/tx_initialize_low_level.o
LOAD /home/carlo/projects/nxp/lpc178x/tft_display/build/libtx.a
LOAD /home/carlo/projects/nxp/lpc178x/tft_display/build/libgx.a
LOAD /home/carlo/projects/nxp/lpc178x/tft_display/build/liblpc.a
LOAD /home/carlo/tools/gcc-arm-none-eabi-10-2020-q4-major-x86_64-linux/gcc-arm-none-eabi-10-2020-q4-major/bin/../lib/gcc/arm-none-eabi/10.2.1/../../../../arm-none-eabi/lib/libstdc++.a
LOAD /home/carlo/tools/gcc-arm-none-eabi-10-2020-q4-major-x86_64-linux/gcc-arm-none-eabi-10-2020-q4-major/bin/../lib/gcc/arm-none-eabi/10.2.1/../../../../arm-none-eabi/lib/libm.a
START GROUP
LOAD /home/carlo/tools/gcc-arm-none-eabi-10-2020-q4-major-x86_64-linux/gcc-arm-none-eabi-10-2020-q4-major/bin/../lib/gcc/arm-none-eabi/10.2.1/libgcc.a
LOAD /home/carlo/tools/gcc-arm-none-eabi-10-2020-q4-major-x86_64-linux/gcc-arm-none-eabi-10-2020-q4-major/bin/../lib/gcc/arm-none-eabi/10.2.1/../../../../arm-none-eabi/lib/libc.a
END GROUP
LOAD /home/carlo/tools/gcc-arm-none-eabi-10-2020-q4-major-x86_64-linux/gcc-arm-none-eabi-10-2020-q4-major/bin/../lib/gcc/arm-none-eabi/10.2.1/crtend.o
LOAD /home/carlo/tools/gcc-arm-none-eabi-10-2020-q4-major-x86_64-linux/gcc-arm-none-eabi-10-2020-q4-major/bin/../lib/gcc/arm-none-eabi/10.2.1/crtn.o
START GROUP
LOAD /home/carlo/tools/gcc-arm-none-eabi-10-2020-q4-major-x86_64-linux/gcc-arm-none-eabi-10-2020-q4-major/bin/../lib/gcc/arm-none-eabi/10.2.1/libgcc.a
LOAD /home/carlo/tools/gcc-arm-none-eabi-10-2020-q4-major-x86_64-linux/gcc-arm-none-eabi-10-2020-q4-major/bin/../lib/gcc/arm-none-eabi/10.2.1/../../../../arm-none-eabi/lib/libc.a
LOAD /home/carlo/tools/gcc-arm-none-eabi-10-2020-q4-major-x86_64-linux/gcc-arm-none-eabi-10-2020-q4-major/bin/../lib/gcc/arm-none-eabi/10.2.1/../../../../arm-none-eabi/lib/libm.a
LOAD /home/carlo/tools/gcc-arm-none-eabi-10-2020-q4-major-x86_64-linux/gcc-arm-none-eabi-10-2020-q4-major/bin/../lib/gcc/arm-none-eabi/10.2.1/../../../../arm-none-eabi/lib/libnosys.a
END GROUP

.text           0x0000000000000000     0x3b10
 *(.vectors)
 .vectors       0x0000000000000000       0xc0 /home/carlo/projects/nxp/lpc178x/tft_display/build/obj/application/startup_ARMCM3.o
                0x0000000000000000                __Vectors
                0x00000000000000c0                __Vectors_End = .
                0x00000000000000c0                __Vectors_Size = (__Vectors_End - __Vectors)
                0x0000000020001d08                __end__ = .
 *(.text*)
 .text          0x00000000000000c0       0x70 /home/carlo/tools/gcc-arm-none-eabi-10-2020-q4-major-x86_64-linux/gcc-arm-none-eabi-10-2020-q4-major/bin/../lib/gcc/arm-none-eabi/10.2.1/crtbegin.o
 .text          0x0000000000000130      0x138 /home/carlo/tools/gcc-arm-none-eabi-10-2020-q4-major-x86_64-linux/gcc-arm-none-eabi-10-2020-q4-major/bin/../lib/gcc/arm-none-eabi/10.2.1/../../../../arm-none-eabi/lib/crt0.o
                0x0000000000000130                _stack_init
                0x00000000000001b8                _mainCRTStartup
                0x00000000000001b8                _start
 .text._Z19Display_Init_Pinmuxv
                0x0000000000000268       0x78 /home/carlo/projects/nxp/lpc178x/tft_display/build/obj/application/display.o
                0x0000000000000268                Display_Init_Pinmux()
 .text.main     0x00000000000002e0       0x2c /home/carlo/projects/nxp/lpc178x/tft_display/build/obj/application/main.o
                0x00000000000002e0                main
 .text.tx_application_define
                0x000000000000030c       0x54 /home/carlo/projects/nxp/lpc178x/tft_display/build/obj/application/main.o
                0x000000000000030c                tx_application_define
 .text._Z17main_thread_entrym
                0x0000000000000360       0x14 /home/carlo/projects/nxp/lpc178x/tft_display/build/obj/application/main.o
                0x0000000000000360                main_thread_entry(unsigned long)
 .text.Reset_Handler
                0x0000000000000374       0x38 /home/carlo/projects/nxp/lpc178x/tft_display/build/obj/application/startup_ARMCM3.o
                0x0000000000000374                Reset_Handler
 .text.Default_Handler
                0x00000000000003ac        0x6 /home/carlo/projects/nxp/lpc178x/tft_display/build/obj/application/startup_ARMCM3.o
                0x00000000000003ac                DebugMon_Handler
                0x00000000000003ac                HardFault_Handler
                0x00000000000003ac                NMI_Handler
                0x00000000000003ac                UART1_IRQHandler
                0x00000000000003ac                FLEXRAY_IRQHandler
                0x00000000000003ac                UART0_IRQHandler
                0x00000000000003ac                UsageFault_Handler
                0x00000000000003ac                MCIB_IRQHandler
                0x00000000000003ac                AACI_IRQHandler
                0x00000000000003ac                CAN_IRQHandler
                0x00000000000003ac                CHLCD_IRQHandler
                0x00000000000003ac                USBDC_IRQHandler
                0x00000000000003ac                USBHC_IRQHandler
                0x00000000000003ac                RTC_IRQHandler
                0x00000000000003ac                SPI_IRQHandler
                0x00000000000003ac                UART2_IRQHandler
                0x00000000000003ac                UART4_IRQHandler
                0x00000000000003ac                Default_Handler
                0x00000000000003ac                CLCD_IRQHandler
                0x00000000000003ac                TIM0_IRQHandler
                0x00000000000003ac                I2C_IRQHandler
                0x00000000000003ac                MemManage_Handler
                0x00000000000003ac                WDT_IRQHandler
                0x00000000000003ac                SVC_Handler
                0x00000000000003ac                TIM2_IRQHandler
                0x00000000000003ac                LIN_IRQHandler
                0x00000000000003ac                CPU_CLCD_IRQHandler
                0x00000000000003ac                BusFault_Handler
                0x00000000000003ac                UART3_IRQHandler
                0x00000000000003ac                MCIA_IRQHandler
                0x00000000000003ac                ENET_IRQHandler
 *fill*         0x00000000000003b2        0xe 
 .text          0x00000000000003c0       0x94 /home/carlo/projects/nxp/lpc178x/tft_display/build/obj/application/tx_initialize_low_level.o
                0x00000000000003c0                _tx_initialize_low_level
                0x000000000000040e                __tx_BadHandler
                0x0000000000000412                __tx_HardfaultHandler
                0x0000000000000416                __tx_SVCallHandler
                0x000000000000041a                __tx_IntHandler
                0x0000000000000422                SysTick_Handler
                0x0000000000000422                __tx_SysTickHandler
                0x000000000000042e                __tx_NMIHandler
                0x0000000000000432                __tx_DBGHandler
 .text._tx_initialize_high_level
                0x0000000000000454       0x88 /home/carlo/projects/nxp/lpc178x/tft_display/build/libtx.a(tx_initialize_high_level.o)
                0x0000000000000454                _tx_initialize_high_level
 .text._tx_initialize_kernel_enter
                0x00000000000004dc       0x54 /home/carlo/projects/nxp/lpc178x/tft_display/build/libtx.a(tx_initialize_kernel_enter.o)
                0x00000000000004dc                _tx_initialize_kernel_enter
 .text._tx_thread_initialize
                0x0000000000000530       0x80 /home/carlo/projects/nxp/lpc178x/tft_display/build/libtx.a(tx_thread_initialize.o)
                0x0000000000000530                _tx_thread_initialize
 .text._tx_timer_initialize
                0x00000000000005b0       0xf8 /home/carlo/projects/nxp/lpc178x/tft_display/build/libtx.a(tx_timer_initialize.o)
                0x00000000000005b0                _tx_timer_initialize
 .text._tx_timer_thread_entry
                0x00000000000006a8      0x1fc /home/carlo/projects/nxp/lpc178x/tft_display/build/libtx.a(tx_timer_thread_entry.o)
                0x00000000000006a8                _tx_timer_thread_entry
 *fill*         0x00000000000008a4        0xc 
 .text          0x00000000000008b0       0xa0 /home/carlo/projects/nxp/lpc178x/tft_display/build/libtx.a(tx_thread_schedule.o)
                0x00000000000008b0                _tx_thread_schedule
                0x00000000000008d0                PendSV_Handler
                0x00000000000008d0                __tx_PendSVHandler
 .text          0x0000000000000950       0xb8 /home/carlo/projects/nxp/lpc178x/tft_display/build/libtx.a(tx_timer_interrupt.o)
                0x0000000000000950                _tx_timer_interrupt
 .text._txe_thread_create
                0x0000000000000a08      0x1e4 /home/carlo/projects/nxp/lpc178x/tft_display/build/libtx.a(txe_thread_create.o)
                0x0000000000000a08                _txe_thread_create
 .text._tx_thread_create
                0x0000000000000bec      0x1d4 /home/carlo/projects/nxp/lpc178x/tft_display/build/libtx.a(tx_thread_create.o)
                0x0000000000000bec                _tx_thread_create
 .text._tx_thread_shell_entry
                0x0000000000000dc0       0xc4 /home/carlo/projects/nxp/lpc178x/tft_display/build/libtx.a(tx_thread_shell_entry.o)
                0x0000000000000dc0                _tx_thread_shell_entry
 .text._tx_thread_system_preempt_check
                0x0000000000000e84       0x70 /home/carlo/projects/nxp/lpc178x/tft_display/build/libtx.a(tx_thread_system_preempt_check.o)
                0x0000000000000e84                _tx_thread_system_preempt_check
 .text._tx_thread_system_resume
                0x0000000000000ef4      0x228 /home/carlo/projects/nxp/lpc178x/tft_display/build/libtx.a(tx_thread_system_resume.o)
                0x0000000000000ef4                _tx_thread_system_resume
 .text._tx_thread_system_suspend
                0x000000000000111c      0x320 /home/carlo/projects/nxp/lpc178x/tft_display/build/libtx.a(tx_thread_system_suspend.o)
                0x000000000000111c                _tx_thread_system_suspend
 .text._tx_thread_timeout
                0x000000000000143c       0x78 /home/carlo/projects/nxp/lpc178x/tft_display/build/libtx.a(tx_thread_timeout.o)
                0x000000000000143c                _tx_thread_timeout
 .text._tx_thread_time_slice
                0x00000000000014b4       0xa0 /home/carlo/projects/nxp/lpc178x/tft_display/build/libtx.a(tx_thread_time_slice.o)
                0x00000000000014b4                _tx_thread_time_slice
 .text._tx_timer_expiration_process
                0x0000000000001554       0x44 /home/carlo/projects/nxp/lpc178x/tft_display/build/libtx.a(tx_timer_expiration_process.o)
                0x0000000000001554                _tx_timer_expiration_process
 .text._tx_timer_system_activate
                0x0000000000001598       0xc0 /home/carlo/projects/nxp/lpc178x/tft_display/build/libtx.a(tx_timer_system_activate.o)
                0x0000000000001598                _tx_timer_system_activate
 .text._tx_timer_system_deactivate
                0x0000000000001658       0x6c /home/carlo/projects/nxp/lpc178x/tft_display/build/libtx.a(tx_timer_system_deactivate.o)
                0x0000000000001658                _tx_timer_system_deactivate
 *fill*         0x00000000000016c4        0xc 
 .text          0x00000000000016d0       0x40 /home/carlo/projects/nxp/lpc178x/tft_display/build/libtx.a(tx_thread_stack_build.o)
                0x00000000000016d0                _tx_thread_stack_build
 .text.Chip_IOCON_PinMuxSet
                0x0000000000001710       0x30 /home/carlo/projects/nxp/lpc178x/tft_display/build/liblpc.a(iocon_17xx_40xx.o)
 .text.Chip_IOCON_SetPinMuxing
                0x0000000000001740       0x64 /home/carlo/projects/nxp/lpc178x/tft_display/build/liblpc.a(iocon_17xx_40xx.o)
                0x0000000000001740                Chip_IOCON_SetPinMuxing
 .text.Chip_LCD_Init
                0x00000000000017a4      0x1fc /home/carlo/projects/nxp/lpc178x/tft_display/build/liblpc.a(lcd_17xx_40xx.o)
                0x00000000000017a4                Chip_LCD_Init
 .text.Chip_Clock_IsMainPLLEnabled
                0x00000000000019a0       0x24 /home/carlo/projects/nxp/lpc178x/tft_display/build/liblpc.a(sysinit_17xx_40xx.o)
 .text.Chip_Clock_IsMainPLLLocked
                0x00000000000019c4       0x24 /home/carlo/projects/nxp/lpc178x/tft_display/build/liblpc.a(sysinit_17xx_40xx.o)
 .text.Chip_Clock_EnableCrystal
                0x00000000000019e8       0x20 /home/carlo/projects/nxp/lpc178x/tft_display/build/liblpc.a(sysinit_17xx_40xx.o)
 .text.Chip_Clock_IsCrystalEnabled
                0x0000000000001a08       0x24 /home/carlo/projects/nxp/lpc178x/tft_display/build/liblpc.a(sysinit_17xx_40xx.o)
 .text.Chip_Clock_SetMainPLLSource
                0x0000000000001a2c       0x20 /home/carlo/projects/nxp/lpc178x/tft_display/build/liblpc.a(sysinit_17xx_40xx.o)
 .text.Chip_Clock_SetPCLKDiv
                0x0000000000001a4c       0x20 /home/carlo/projects/nxp/lpc178x/tft_display/build/liblpc.a(sysinit_17xx_40xx.o)
 .text.Chip_SetupXtalClocking
                0x0000000000001a6c       0x82 /home/carlo/projects/nxp/lpc178x/tft_display/build/liblpc.a(sysinit_17xx_40xx.o)
                0x0000000000001a6c                Chip_SetupXtalClocking
 .text.Chip_SystemInit
                0x0000000000001aee        0xc /home/carlo/projects/nxp/lpc178x/tft_display/build/liblpc.a(sysinit_17xx_40xx.o)
                0x0000000000001aee                Chip_SystemInit
 *fill*         0x0000000000001afa        0x2 
 .text.Chip_Clock_FeedPLL
                0x0000000000001afc       0x34 /home/carlo/projects/nxp/lpc178x/tft_display/build/liblpc.a(clock_17xx_40xx.o)
 .text.Chip_Clock_EnablePLL
                0x0000000000001b30       0x44 /home/carlo/projects/nxp/lpc178x/tft_display/build/liblpc.a(clock_17xx_40xx.o)
                0x0000000000001b30                Chip_Clock_EnablePLL
 .text.Chip_Clock_DisablePLL
                0x0000000000001b74       0x48 /home/carlo/projects/nxp/lpc178x/tft_display/build/liblpc.a(clock_17xx_40xx.o)
                0x0000000000001b74                Chip_Clock_DisablePLL
 .text.Chip_Clock_SetupPLL
                0x0000000000001bbc       0x4c /home/carlo/projects/nxp/lpc178x/tft_display/build/liblpc.a(clock_17xx_40xx.o)
                0x0000000000001bbc                Chip_Clock_SetupPLL
 .text.Chip_Clock_EnablePeriphClock
                0x0000000000001c08       0x34 /home/carlo/projects/nxp/lpc178x/tft_display/build/liblpc.a(clock_17xx_40xx.o)
                0x0000000000001c08                Chip_Clock_EnablePeriphClock
 .text.Chip_Clock_SetCPUClockSource
                0x0000000000001c3c       0x40 /home/carlo/projects/nxp/lpc178x/tft_display/build/liblpc.a(clock_17xx_40xx.o)
                0x0000000000001c3c                Chip_Clock_SetCPUClockSource
 .text.Chip_Clock_SetCPUClockDiv
                0x0000000000001c7c       0x30 /home/carlo/projects/nxp/lpc178x/tft_display/build/liblpc.a(clock_17xx_40xx.o)
                0x0000000000001c7c                Chip_Clock_SetCPUClockDiv
 .text          0x0000000000001cac     0x102c /home/carlo/tools/gcc-arm-none-eabi-10-2020-q4-major-x86_64-linux/gcc-arm-none-eabi-10-2020-q4-major/bin/../lib/gcc/arm-none-eabi/10.2.1/libgcc.a(unwind-arm.o)
                0x0000000000002120                _Unwind_GetCFA
                0x0000000000002128                __gnu_Unwind_RaiseException
                0x00000000000021d4                __gnu_Unwind_ForcedUnwind
                0x00000000000021fc                __gnu_Unwind_Resume
                0x0000000000002274                __gnu_Unwind_Resume_or_Rethrow
                0x0000000000002290                _Unwind_Complete
                0x0000000000002294                _Unwind_DeleteException
                0x00000000000022ac                _Unwind_VRS_Get
                0x0000000000002338                _Unwind_VRS_Set
                0x00000000000023c4                __gnu_Unwind_Backtrace
                0x00000000000028cc                __aeabi_unwind_cpp_pr0
                0x00000000000028d4                __aeabi_unwind_cpp_pr1
                0x00000000000028dc                __aeabi_unwind_cpp_pr2
                0x00000000000028e4                _Unwind_VRS_Pop
 .text          0x0000000000002cd8      0x1b0 /home/carlo/tools/gcc-arm-none-eabi-10-2020-q4-major-x86_64-linux/gcc-arm-none-eabi-10-2020-q4-major/bin/../lib/gcc/arm-none-eabi/10.2.1/libgcc.a(libunwind.o)
                0x0000000000002cd8                __restore_core_regs
                0x0000000000002cd8                restore_core_regs
                0x0000000000002cf4                __gnu_Unwind_Restore_VFP
                0x0000000000002cfc                __gnu_Unwind_Save_VFP
                0x0000000000002d04                __gnu_Unwind_Restore_VFP_D
                0x0000000000002d0c                __gnu_Unwind_Save_VFP_D
                0x0000000000002d14                __gnu_Unwind_Restore_VFP_D_16_to_31
                0x0000000000002d1c                __gnu_Unwind_Save_VFP_D_16_to_31
                0x0000000000002d24                __gnu_Unwind_Restore_WMMXD
                0x0000000000002d68                __gnu_Unwind_Save_WMMXD
                0x0000000000002dac                __gnu_Unwind_Restore_WMMXC
                0x0000000000002dc0                __gnu_Unwind_Save_WMMXC
                0x0000000000002dd4                ___Unwind_RaiseException
                0x0000000000002dd4                _Unwind_RaiseException
                0x0000000000002df8                ___Unwind_Resume
                0x0000000000002df8                _Unwind_Resume
                0x0000000000002e1c                _Unwind_Resume_or_Rethrow
                0x0000000000002e1c                ___Unwind_Resume_or_Rethrow
                0x0000000000002e40                ___Unwind_ForcedUnwind
                0x0000000000002e40                _Unwind_ForcedUnwind
                0x0000000000002e64                _Unwind_Backtrace
                0x0000000000002e64                ___Unwind_Backtrace
 .text          0x0000000000002e88      0x530 /home/carlo/tools/gcc-arm-none-eabi-10-2020-q4-major-x86_64-linux/gcc-arm-none-eabi-10-2020-q4-major/bin/../lib/gcc/arm-none-eabi/10.2.1/libgcc.a(pr-support.o)
                0x0000000000002f1c                __gnu_unwind_execute
                0x0000000000003338                __gnu_unwind_frame
                0x0000000000003384                _Unwind_GetRegionStart
                0x0000000000003398                _Unwind_GetLanguageSpecificData
 .text.abort    0x00000000000033b8       0x14 /home/carlo/tools/gcc-arm-none-eabi-10-2020-q4-major-x86_64-linux/gcc-arm-none-eabi-10-2020-q4-major/bin/../lib/gcc/arm-none-eabi/10.2.1/../../../../arm-none-eabi/lib/libc.a(lib_a-abort.o)
                0x00000000000033b8                abort
 .text.exit     0x00000000000033cc       0x34 /home/carlo/tools/gcc-arm-none-eabi-10-2020-q4-major-x86_64-linux/gcc-arm-none-eabi-10-2020-q4-major/bin/../lib/gcc/arm-none-eabi/10.2.1/../../../../arm-none-eabi/lib/libc.a(lib_a-exit.o)
                0x00000000000033cc                exit
 .text.__libc_init_array
                0x0000000000003400       0x88 /home/carlo/tools/gcc-arm-none-eabi-10-2020-q4-major-x86_64-linux/gcc-arm-none-eabi-10-2020-q4-major/bin/../lib/gcc/arm-none-eabi/10.2.1/../../../../arm-none-eabi/lib/libc.a(lib_a-init.o)
                0x0000000000003400                __libc_init_array
 .text.memcpy   0x0000000000003488      0x120 /home/carlo/tools/gcc-arm-none-eabi-10-2020-q4-major-x86_64-linux/gcc-arm-none-eabi-10-2020-q4-major/bin/../lib/gcc/arm-none-eabi/10.2.1/../../../../arm-none-eabi/lib/libc.a(lib_a-memcpy-stub.o)
                0x0000000000003488                memcpy
 .text.memset   0x00000000000035a8      0x11c /home/carlo/tools/gcc-arm-none-eabi-10-2020-q4-major-x86_64-linux/gcc-arm-none-eabi-10-2020-q4-major/bin/../lib/gcc/arm-none-eabi/10.2.1/../../../../arm-none-eabi/lib/libc.a(lib_a-memset.o)
                0x00000000000035a8                memset
 .text.raise    0x00000000000036c4       0x9c /home/carlo/tools/gcc-arm-none-eabi-10-2020-q4-major-x86_64-linux/gcc-arm-none-eabi-10-2020-q4-major/bin/../lib/gcc/arm-none-eabi/10.2.1/../../../../arm-none-eabi/lib/libc.a(lib_a-signal.o)
                0x00000000000036c4                raise
 .text._kill_r  0x0000000000003760       0x40 /home/carlo/tools/gcc-arm-none-eabi-10-2020-q4-major-x86_64-linux/gcc-arm-none-eabi-10-2020-q4-major/bin/../lib/gcc/arm-none-eabi/10.2.1/../../../../arm-none-eabi/lib/libc.a(lib_a-signalr.o)
                0x0000000000003760                _kill_r
 .text._getpid_r
                0x00000000000037a0       0x10 /home/carlo/tools/gcc-arm-none-eabi-10-2020-q4-major-x86_64-linux/gcc-arm-none-eabi-10-2020-q4-major/bin/../lib/gcc/arm-none-eabi/10.2.1/../../../../arm-none-eabi/lib/libc.a(lib_a-signalr.o)
                0x00000000000037a0                _getpid_r
 .text.startup.register_fini
                0x00000000000037b0       0x28 /home/carlo/tools/gcc-arm-none-eabi-10-2020-q4-major-x86_64-linux/gcc-arm-none-eabi-10-2020-q4-major/bin/../lib/gcc/arm-none-eabi/10.2.1/../../../../arm-none-eabi/lib/libc.a(lib_a-__call_atexit.o)
 .text.__call_exitprocs
                0x00000000000037d8      0x138 /home/carlo/tools/gcc-arm-none-eabi-10-2020-q4-major-x86_64-linux/gcc-arm-none-eabi-10-2020-q4-major/bin/../lib/gcc/arm-none-eabi/10.2.1/../../../../arm-none-eabi/lib/libc.a(lib_a-__call_atexit.o)
                0x00000000000037d8                __call_exitprocs
 .text.atexit   0x0000000000003910       0x20 /home/carlo/tools/gcc-arm-none-eabi-10-2020-q4-major-x86_64-linux/gcc-arm-none-eabi-10-2020-q4-major/bin/../lib/gcc/arm-none-eabi/10.2.1/../../../../arm-none-eabi/lib/libc.a(lib_a-atexit.o)
                0x0000000000003910                atexit
 .text.__libc_fini_array
                0x0000000000003930       0x44 /home/carlo/tools/gcc-arm-none-eabi-10-2020-q4-major-x86_64-linux/gcc-arm-none-eabi-10-2020-q4-major/bin/../lib/gcc/arm-none-eabi/10.2.1/../../../../arm-none-eabi/lib/libc.a(lib_a-fini.o)
                0x0000000000003930                __libc_fini_array
 .text.__retarget_lock_acquire_recursive
                0x0000000000003974        0x4 /home/carlo/tools/gcc-arm-none-eabi-10-2020-q4-major-x86_64-linux/gcc-arm-none-eabi-10-2020-q4-major/bin/../lib/gcc/arm-none-eabi/10.2.1/../../../../arm-none-eabi/lib/libc.a(lib_a-lock.o)
                0x0000000000003974                __retarget_lock_acquire_recursive
 .text.__retarget_lock_release_recursive
                0x0000000000003978        0x4 /home/carlo/tools/gcc-arm-none-eabi-10-2020-q4-major-x86_64-linux/gcc-arm-none-eabi-10-2020-q4-major/bin/../lib/gcc/arm-none-eabi/10.2.1/../../../../arm-none-eabi/lib/libc.a(lib_a-lock.o)
                0x0000000000003978                __retarget_lock_release_recursive
 .text.__register_exitproc
                0x000000000000397c       0xbc /home/carlo/tools/gcc-arm-none-eabi-10-2020-q4-major-x86_64-linux/gcc-arm-none-eabi-10-2020-q4-major/bin/../lib/gcc/arm-none-eabi/10.2.1/../../../../arm-none-eabi/lib/libc.a(lib_a-__atexit.o)
                0x000000000000397c                __register_exitproc
 .text._getpid  0x0000000000003a38       0x18 /home/carlo/tools/gcc-arm-none-eabi-10-2020-q4-major-x86_64-linux/gcc-arm-none-eabi-10-2020-q4-major/bin/../lib/gcc/arm-none-eabi/10.2.1/../../../../arm-none-eabi/lib/libnosys.a(getpid.o)
                0x0000000000003a38                _getpid
 .text._kill    0x0000000000003a50       0x18 /home/carlo/tools/gcc-arm-none-eabi-10-2020-q4-major-x86_64-linux/gcc-arm-none-eabi-10-2020-q4-major/bin/../lib/gcc/arm-none-eabi/10.2.1/../../../../arm-none-eabi/lib/libnosys.a(kill.o)
                0x0000000000003a50                _kill
 .text._exit    0x0000000000003a68        0x4 /home/carlo/tools/gcc-arm-none-eabi-10-2020-q4-major-x86_64-linux/gcc-arm-none-eabi-10-2020-q4-major/bin/../lib/gcc/arm-none-eabi/10.2.1/../../../../arm-none-eabi/lib/libnosys.a(_exit.o)
                0x0000000000003a68                _exit
 *(.init)
 .init          0x0000000000003a6c        0xc /home/carlo/tools/gcc-arm-none-eabi-10-2020-q4-major-x86_64-linux/gcc-arm-none-eabi-10-2020-q4-major/bin/../lib/gcc/arm-none-eabi/10.2.1/crti.o
                0x0000000000003a6c                _init
 .init          0x0000000000003a78        0xc /home/carlo/tools/gcc-arm-none-eabi-10-2020-q4-major-x86_64-linux/gcc-arm-none-eabi-10-2020-q4-major/bin/../lib/gcc/arm-none-eabi/10.2.1/crtn.o
 *(.fini)
 .fini          0x0000000000003a84        0xc /home/carlo/tools/gcc-arm-none-eabi-10-2020-q4-major-x86_64-linux/gcc-arm-none-eabi-10-2020-q4-major/bin/../lib/gcc/arm-none-eabi/10.2.1/crti.o
                0x0000000000003a84                _fini
 .fini          0x0000000000003a90        0xc /home/carlo/tools/gcc-arm-none-eabi-10-2020-q4-major-x86_64-linux/gcc-arm-none-eabi-10-2020-q4-major/bin/../lib/gcc/arm-none-eabi/10.2.1/crtn.o
 *crtbegin.o(.ctors)
 *crtbegin?.o(.ctors)
 *(EXCLUDE_FILE(*crtend.o *crtend?.o) .ctors)
 *(SORT_BY_NAME(.ctors.*))
 *(.ctors)
 *crtbegin.o(.dtors)
 *crtbegin?.o(.dtors)
 *(EXCLUDE_FILE(*crtend.o *crtend?.o) .dtors)
 *(SORT_BY_NAME(.dtors.*))
 *(.dtors)
 *(.rodata*)
 .rodata._ZL3pin
                0x0000000000003a9c       0x58 /home/carlo/projects/nxp/lpc178x/tft_display/build/obj/application/display.o
 .rodata        0x0000000000003af4       0x14 /home/carlo/projects/nxp/lpc178x/tft_display/build/libtx.a(tx_timer_initialize.o)
 .rodata._global_impure_ptr
                0x0000000000003b08        0x4 /home/carlo/tools/gcc-arm-none-eabi-10-2020-q4-major-x86_64-linux/gcc-arm-none-eabi-10-2020-q4-major/bin/../lib/gcc/arm-none-eabi/10.2.1/../../../../arm-none-eabi/lib/libc.a(lib_a-impure.o)
                0x0000000000003b08                _global_impure_ptr
 *(.eh_frame*)
 .eh_frame      0x0000000000003b0c        0x0 /home/carlo/tools/gcc-arm-none-eabi-10-2020-q4-major-x86_64-linux/gcc-arm-none-eabi-10-2020-q4-major/bin/../lib/gcc/arm-none-eabi/10.2.1/crtbegin.o
 .eh_frame      0x0000000000003b0c        0x4 /home/carlo/tools/gcc-arm-none-eabi-10-2020-q4-major-x86_64-linux/gcc-arm-none-eabi-10-2020-q4-major/bin/../lib/gcc/arm-none-eabi/10.2.1/crtend.o

.glue_7         0x0000000000003b10        0x0
 .glue_7        0x0000000000003b10        0x0 linker stubs

.glue_7t        0x0000000000003b10        0x0
 .glue_7t       0x0000000000003b10        0x0 linker stubs

.vfp11_veneer   0x0000000000003b10        0x0
 .vfp11_veneer  0x0000000000003b10        0x0 linker stubs

.v4_bx          0x0000000000003b10        0x0
 .v4_bx         0x0000000000003b10        0x0 linker stubs

.iplt           0x0000000000003b10        0x0
 .iplt          0x0000000000003b10        0x0 /home/carlo/tools/gcc-arm-none-eabi-10-2020-q4-major-x86_64-linux/gcc-arm-none-eabi-10-2020-q4-major/bin/../lib/gcc/arm-none-eabi/10.2.1/crtbegin.o

.ARM.extab      0x0000000000003b10       0x18
 *(.ARM.extab* .gnu.linkonce.armextab.*)
 .ARM.extab.text._Z19Display_Init_Pinmuxv
                0x0000000000003b10        0xc /home/carlo/projects/nxp/lpc178x/tft_display/build/obj/application/display.o
 .ARM.extab.text.tx_application_define
                0x0000000000003b1c        0xc /home/carlo/projects/nxp/lpc178x/tft_display/build/obj/application/main.o
                0x0000000000003b28                __exidx_start = .

.ARM.exidx      0x0000000000003b28       0xd0
 *(.ARM.exidx* .gnu.linkonce.armexidx.*)
 .ARM.exidx     0x0000000000003b28        0x8 /home/carlo/tools/gcc-arm-none-eabi-10-2020-q4-major-x86_64-linux/gcc-arm-none-eabi-10-2020-q4-major/bin/../lib/gcc/arm-none-eabi/10.2.1/../../../../arm-none-eabi/lib/crt0.o
                                         0x10 (size before relaxing)
 .ARM.exidx.text._Z19Display_Init_Pinmuxv
                0x0000000000003b30        0x8 /home/carlo/projects/nxp/lpc178x/tft_display/build/obj/application/display.o
 .ARM.exidx.text.main
                0x0000000000003b38        0x8 /home/carlo/projects/nxp/lpc178x/tft_display/build/obj/application/main.o
 .ARM.exidx.text.tx_application_define
                0x0000000000003b40        0x8 /home/carlo/projects/nxp/lpc178x/tft_display/build/obj/application/main.o
 .ARM.exidx.text._Z17main_thread_entrym
                0x0000000000003b48        0x8 /home/carlo/projects/nxp/lpc178x/tft_display/build/obj/application/main.o
 .ARM.exidx     0x0000000000003b50       0x78 /home/carlo/tools/gcc-arm-none-eabi-10-2020-q4-major-x86_64-linux/gcc-arm-none-eabi-10-2020-q4-major/bin/../lib/gcc/arm-none-eabi/10.2.1/libgcc.a(unwind-arm.o)
                                         0xd8 (size before relaxing)
 .ARM.exidx     0x0000000000003bc8       0x30 /home/carlo/tools/gcc-arm-none-eabi-10-2020-q4-major-x86_64-linux/gcc-arm-none-eabi-10-2020-q4-major/bin/../lib/gcc/arm-none-eabi/10.2.1/libgcc.a(pr-support.o)
                                         0x38 (size before relaxing)
                0x0000000000003bf8                __exidx_end = .
                0x0000000000003bf8                __etext = .

.rel.dyn        0x0000000000003bf8        0x0
 .rel.iplt      0x0000000000003bf8        0x0 /home/carlo/tools/gcc-arm-none-eabi-10-2020-q4-major-x86_64-linux/gcc-arm-none-eabi-10-2020-q4-major/bin/../lib/gcc/arm-none-eabi/10.2.1/crtbegin.o

.data           0x0000000020000000      0x468 load address 0x0000000000003bf8
                0x0000000020000000                __data_start__ = .
 *(vtable)
 *(.data*)
 .data.lcd_config
                0x0000000020000000       0x16 /home/carlo/projects/nxp/lpc178x/tft_display/build/obj/application/display.o
                0x0000000020000000                lcd_config
 *fill*         0x0000000020000016        0x2 
 .data.main_thread_name
                0x0000000020000018        0xc /home/carlo/projects/nxp/lpc178x/tft_display/build/obj/application/main.o
                0x0000000020000018                main_thread_name
 .data._tx_thread_system_state
                0x0000000020000024        0x4 /home/carlo/projects/nxp/lpc178x/tft_display/build/libtx.a(tx_thread_initialize.o)
                0x0000000020000024                _tx_thread_system_state
 .data._impure_ptr
                0x0000000020000028        0x4 /home/carlo/tools/gcc-arm-none-eabi-10-2020-q4-major-x86_64-linux/gcc-arm-none-eabi-10-2020-q4-major/bin/../lib/gcc/arm-none-eabi/10.2.1/../../../../arm-none-eabi/lib/libc.a(lib_a-impure.o)
                0x0000000020000028                _impure_ptr
 *fill*         0x000000002000002c        0x4 
 .data.impure_data
                0x0000000020000030      0x428 /home/carlo/tools/gcc-arm-none-eabi-10-2020-q4-major-x86_64-linux/gcc-arm-none-eabi-10-2020-q4-major/bin/../lib/gcc/arm-none-eabi/10.2.1/../../../../arm-none-eabi/lib/libc.a(lib_a-impure.o)
 .data.__atexit_recursive_mutex
                0x0000000020000458        0x4 /home/carlo/tools/gcc-arm-none-eabi-10-2020-q4-major-x86_64-linux/gcc-arm-none-eabi-10-2020-q4-major/bin/../lib/gcc/arm-none-eabi/10.2.1/../../../../arm-none-eabi/lib/libc.a(lib_a-__call_atexit.o)
                0x0000000020000458                __atexit_recursive_mutex
                0x000000002000045c                . = ALIGN (0x4)
                0x000000002000045c                PROVIDE (__preinit_array_start = .)
 *(.preinit_array)
                0x000000002000045c                PROVIDE (__preinit_array_end = .)
                0x000000002000045c                . = ALIGN (0x4)
                0x000000002000045c                PROVIDE (__init_array_start = .)
 *(SORT_BY_NAME(.init_array.*))
 .init_array.00000
                0x000000002000045c        0x4 /home/carlo/tools/gcc-arm-none-eabi-10-2020-q4-major-x86_64-linux/gcc-arm-none-eabi-10-2020-q4-major/bin/../lib/gcc/arm-none-eabi/10.2.1/../../../../arm-none-eabi/lib/libc.a(lib_a-__call_atexit.o)
 *(.init_array)
 .init_array    0x0000000020000460        0x4 /home/carlo/tools/gcc-arm-none-eabi-10-2020-q4-major-x86_64-linux/gcc-arm-none-eabi-10-2020-q4-major/bin/../lib/gcc/arm-none-eabi/10.2.1/crtbegin.o
                0x0000000020000464                PROVIDE (__init_array_end = .)
                0x0000000020000464                . = ALIGN (0x4)
                0x0000000020000464                PROVIDE (__fini_array_start = .)
 *(SORT_BY_NAME(.fini_array.*))
 *(.fini_array)
 .fini_array    0x0000000020000464        0x4 /home/carlo/tools/gcc-arm-none-eabi-10-2020-q4-major-x86_64-linux/gcc-arm-none-eabi-10-2020-q4-major/bin/../lib/gcc/arm-none-eabi/10.2.1/crtbegin.o
                0x0000000020000468                PROVIDE (__fini_array_end = .)
 *(.jcr*)
                0x0000000020000468                . = ALIGN (0x4)
                0x0000000020000468                __data_end__ = .

.igot.plt       0x0000000020000468        0x0 load address 0x0000000000004060
 .igot.plt      0x0000000020000468        0x0 /home/carlo/tools/gcc-arm-none-eabi-10-2020-q4-major-x86_64-linux/gcc-arm-none-eabi-10-2020-q4-major/bin/../lib/gcc/arm-none-eabi/10.2.1/crtbegin.o

.bss            0x0000000020000468     0x18a0 load address 0x0000000000004060
                0x0000000020000468                . = ALIGN (0x4)
                0x0000000020000468                __bss_start__ = .
 *(.bss*)
 .bss           0x0000000020000468       0x1c /home/carlo/tools/gcc-arm-none-eabi-10-2020-q4-major-x86_64-linux/gcc-arm-none-eabi-10-2020-q4-major/bin/../lib/gcc/arm-none-eabi/10.2.1/crtbegin.o
 .bss.pinmux    0x0000000020000484      0x280 /home/carlo/projects/nxp/lpc178x/tft_display/build/obj/application/display.o
                0x0000000020000484                pinmux
 .bss.display_fb
                0x0000000020000704      0xf00 /home/carlo/projects/nxp/lpc178x/tft_display/build/obj/application/display.o
                0x0000000020000704                display_fb
 .bss.main_thread
                0x0000000020001604       0xb4 /home/carlo/projects/nxp/lpc178x/tft_display/build/obj/application/main.o
                0x0000000020001604                main_thread
 .bss._tx_semaphore_created_ptr
                0x00000000200016b8        0x4 /home/carlo/projects/nxp/lpc178x/tft_display/build/libtx.a(tx_initialize_high_level.o)
                0x00000000200016b8                _tx_semaphore_created_ptr
 .bss._tx_semaphore_created_count
                0x00000000200016bc        0x4 /home/carlo/projects/nxp/lpc178x/tft_display/build/libtx.a(tx_initialize_high_level.o)
                0x00000000200016bc                _tx_semaphore_created_count
 .bss._tx_queue_created_ptr
                0x00000000200016c0        0x4 /home/carlo/projects/nxp/lpc178x/tft_display/build/libtx.a(tx_initialize_high_level.o)
                0x00000000200016c0                _tx_queue_created_ptr
 .bss._tx_queue_created_count
                0x00000000200016c4        0x4 /home/carlo/projects/nxp/lpc178x/tft_display/build/libtx.a(tx_initialize_high_level.o)
                0x00000000200016c4                _tx_queue_created_count
 .bss._tx_event_flags_created_ptr
                0x00000000200016c8        0x4 /home/carlo/projects/nxp/lpc178x/tft_display/build/libtx.a(tx_initialize_high_level.o)
                0x00000000200016c8                _tx_event_flags_created_ptr
 .bss._tx_event_flags_created_count
                0x00000000200016cc        0x4 /home/carlo/projects/nxp/lpc178x/tft_display/build/libtx.a(tx_initialize_high_level.o)
                0x00000000200016cc                _tx_event_flags_created_count
 .bss._tx_mutex_created_ptr
                0x00000000200016d0        0x4 /home/carlo/projects/nxp/lpc178x/tft_display/build/libtx.a(tx_initialize_high_level.o)
                0x00000000200016d0                _tx_mutex_created_ptr
 .bss._tx_mutex_created_count
                0x00000000200016d4        0x4 /home/carlo/projects/nxp/lpc178x/tft_display/build/libtx.a(tx_initialize_high_level.o)
                0x00000000200016d4                _tx_mutex_created_count
 .bss._tx_block_pool_created_ptr
                0x00000000200016d8        0x4 /home/carlo/projects/nxp/lpc178x/tft_display/build/libtx.a(tx_initialize_high_level.o)
                0x00000000200016d8                _tx_block_pool_created_ptr
 .bss._tx_block_pool_created_count
                0x00000000200016dc        0x4 /home/carlo/projects/nxp/lpc178x/tft_display/build/libtx.a(tx_initialize_high_level.o)
                0x00000000200016dc                _tx_block_pool_created_count
 .bss._tx_byte_pool_created_ptr
                0x00000000200016e0        0x4 /home/carlo/projects/nxp/lpc178x/tft_display/build/libtx.a(tx_initialize_high_level.o)
                0x00000000200016e0                _tx_byte_pool_created_ptr
 .bss._tx_byte_pool_created_count
                0x00000000200016e4        0x4 /home/carlo/projects/nxp/lpc178x/tft_display/build/libtx.a(tx_initialize_high_level.o)
                0x00000000200016e4                _tx_byte_pool_created_count
 .bss._tx_initialize_unused_memory
                0x00000000200016e8        0x4 /home/carlo/projects/nxp/lpc178x/tft_display/build/libtx.a(tx_initialize_high_level.o)
                0x00000000200016e8                _tx_initialize_unused_memory
 .bss._tx_thread_system_stack_ptr
                0x00000000200016ec        0x4 /home/carlo/projects/nxp/lpc178x/tft_display/build/libtx.a(tx_thread_initialize.o)
                0x00000000200016ec                _tx_thread_system_stack_ptr
 .bss._tx_thread_current_ptr
                0x00000000200016f0        0x4 /home/carlo/projects/nxp/lpc178x/tft_display/build/libtx.a(tx_thread_initialize.o)
                0x00000000200016f0                _tx_thread_current_ptr
 .bss._tx_thread_execute_ptr
                0x00000000200016f4        0x4 /home/carlo/projects/nxp/lpc178x/tft_display/build/libtx.a(tx_thread_initialize.o)
                0x00000000200016f4                _tx_thread_execute_ptr
 .bss._tx_thread_created_ptr
                0x00000000200016f8        0x4 /home/carlo/projects/nxp/lpc178x/tft_display/build/libtx.a(tx_thread_initialize.o)
                0x00000000200016f8                _tx_thread_created_ptr
 .bss._tx_thread_created_count
                0x00000000200016fc        0x4 /home/carlo/projects/nxp/lpc178x/tft_display/build/libtx.a(tx_thread_initialize.o)
                0x00000000200016fc                _tx_thread_created_count
 .bss._tx_thread_priority_maps
                0x0000000020001700        0x4 /home/carlo/projects/nxp/lpc178x/tft_display/build/libtx.a(tx_thread_initialize.o)
                0x0000000020001700                _tx_thread_priority_maps
 .bss._tx_thread_preempted_maps
                0x0000000020001704        0x4 /home/carlo/projects/nxp/lpc178x/tft_display/build/libtx.a(tx_thread_initialize.o)
                0x0000000020001704                _tx_thread_preempted_maps
 .bss._tx_thread_highest_priority
                0x0000000020001708        0x4 /home/carlo/projects/nxp/lpc178x/tft_display/build/libtx.a(tx_thread_initialize.o)
                0x0000000020001708                _tx_thread_highest_priority
 .bss._tx_thread_priority_list
                0x000000002000170c       0x80 /home/carlo/projects/nxp/lpc178x/tft_display/build/libtx.a(tx_thread_initialize.o)
                0x000000002000170c                _tx_thread_priority_list
 .bss._tx_thread_preempt_disable
                0x000000002000178c        0x4 /home/carlo/projects/nxp/lpc178x/tft_display/build/libtx.a(tx_thread_initialize.o)
                0x000000002000178c                _tx_thread_preempt_disable
 .bss._tx_thread_mutex_release
                0x0000000020001790        0x4 /home/carlo/projects/nxp/lpc178x/tft_display/build/libtx.a(tx_thread_initialize.o)
                0x0000000020001790                _tx_thread_mutex_release
 .bss._tx_build_options
                0x0000000020001794        0x4 /home/carlo/projects/nxp/lpc178x/tft_display/build/libtx.a(tx_thread_initialize.o)
                0x0000000020001794                _tx_build_options
 .bss._tx_timer_system_clock
                0x0000000020001798        0x4 /home/carlo/projects/nxp/lpc178x/tft_display/build/libtx.a(tx_timer_initialize.o)
                0x0000000020001798                _tx_timer_system_clock
 .bss._tx_timer_expired_time_slice
                0x000000002000179c        0x4 /home/carlo/projects/nxp/lpc178x/tft_display/build/libtx.a(tx_timer_initialize.o)
                0x000000002000179c                _tx_timer_expired_time_slice
 .bss._tx_timer_list
                0x00000000200017a0       0x80 /home/carlo/projects/nxp/lpc178x/tft_display/build/libtx.a(tx_timer_initialize.o)
                0x00000000200017a0                _tx_timer_list
 .bss._tx_timer_list_start
                0x0000000020001820        0x4 /home/carlo/projects/nxp/lpc178x/tft_display/build/libtx.a(tx_timer_initialize.o)
                0x0000000020001820                _tx_timer_list_start
 .bss._tx_timer_list_end
                0x0000000020001824        0x4 /home/carlo/projects/nxp/lpc178x/tft_display/build/libtx.a(tx_timer_initialize.o)
                0x0000000020001824                _tx_timer_list_end
 .bss._tx_timer_current_ptr
                0x0000000020001828        0x4 /home/carlo/projects/nxp/lpc178x/tft_display/build/libtx.a(tx_timer_initialize.o)
                0x0000000020001828                _tx_timer_current_ptr
 .bss._tx_timer_expired
                0x000000002000182c        0x4 /home/carlo/projects/nxp/lpc178x/tft_display/build/libtx.a(tx_timer_initialize.o)
                0x000000002000182c                _tx_timer_expired
 .bss._tx_timer_created_ptr
                0x0000000020001830        0x4 /home/carlo/projects/nxp/lpc178x/tft_display/build/libtx.a(tx_timer_initialize.o)
                0x0000000020001830                _tx_timer_created_ptr
 .bss._tx_timer_created_count
                0x0000000020001834        0x4 /home/carlo/projects/nxp/lpc178x/tft_display/build/libtx.a(tx_timer_initialize.o)
                0x0000000020001834                _tx_timer_created_count
 .bss._tx_timer_expired_timer_ptr
                0x0000000020001838        0x4 /home/carlo/projects/nxp/lpc178x/tft_display/build/libtx.a(tx_timer_initialize.o)
                0x0000000020001838                _tx_timer_expired_timer_ptr
 .bss._tx_timer_thread
                0x000000002000183c       0xb4 /home/carlo/projects/nxp/lpc178x/tft_display/build/libtx.a(tx_timer_initialize.o)
                0x000000002000183c                _tx_timer_thread
 .bss._tx_timer_stack_start
                0x00000000200018f0        0x4 /home/carlo/projects/nxp/lpc178x/tft_display/build/libtx.a(tx_timer_initialize.o)
                0x00000000200018f0                _tx_timer_stack_start
 .bss._tx_timer_stack_size
                0x00000000200018f4        0x4 /home/carlo/projects/nxp/lpc178x/tft_display/build/libtx.a(tx_timer_initialize.o)
                0x00000000200018f4                _tx_timer_stack_size
 .bss._tx_timer_priority
                0x00000000200018f8        0x4 /home/carlo/projects/nxp/lpc178x/tft_display/build/libtx.a(tx_timer_initialize.o)
                0x00000000200018f8                _tx_timer_priority
 .bss._tx_timer_thread_stack_area
                0x00000000200018fc      0x400 /home/carlo/projects/nxp/lpc178x/tft_display/build/libtx.a(tx_timer_initialize.o)
                0x00000000200018fc                _tx_timer_thread_stack_area
 .bss._tx_timer_time_slice
                0x0000000020001cfc        0x4 /home/carlo/projects/nxp/lpc178x/tft_display/build/libtx.a(tx_timer_initialize.o)
                0x0000000020001cfc                _tx_timer_time_slice
 .bss.__lock___atexit_recursive_mutex
                0x0000000020001d00        0x1 /home/carlo/tools/gcc-arm-none-eabi-10-2020-q4-major-x86_64-linux/gcc-arm-none-eabi-10-2020-q4-major/bin/../lib/gcc/arm-none-eabi/10.2.1/../../../../arm-none-eabi/lib/libc.a(lib_a-lock.o)
                0x0000000020001d00                __lock___atexit_recursive_mutex
 *fill*         0x0000000020001d01        0x3 
 .bss.errno     0x0000000020001d04        0x4 /home/carlo/tools/gcc-arm-none-eabi-10-2020-q4-major-x86_64-linux/gcc-arm-none-eabi-10-2020-q4-major/bin/../lib/gcc/arm-none-eabi/10.2.1/../../../../arm-none-eabi/lib/libc.a(lib_a-reent.o)
                0x0000000020001d04                errno
 *(COMMON)
                0x0000000020001d08                . = ALIGN (0x4)
                0x0000000020001d08                __bss_end__ = .

.heap           0x0000000020001d08      0xc00
                0x0000000020001d08                __HeapBase = .
                0x0000000020001d08                __end__ = .
                0x0000000020001d08                end = __end__
 *(.heap*)
 .heap          0x0000000020001d08      0xc00 /home/carlo/projects/nxp/lpc178x/tft_display/build/obj/application/startup_ARMCM3.o
                0x0000000020002908                __HeapLimit = .
                0x0000000020002908                __RAM_segment_used_end__ = .

.stack_dummy    0x0000000020002908      0x400
 *(.stack*)
 .stack         0x0000000020002908      0x400 /home/carlo/projects/nxp/lpc178x/tft_display/build/obj/application/startup_ARMCM3.o
                0x0000000020008000                __StackTop = (ORIGIN (RAM) + LENGTH (RAM))
                0x0000000020007c00                __StackLimit = (__StackTop - SIZEOF (.stack_dummy))
                0x0000000020008000                PROVIDE (__stack = __StackTop)
                0x0000000000000001                ASSERT ((__StackLimit >= __HeapLimit), region RAM overflowed with stack)
OUTPUT(app.elf elf32-littlearm)
LOAD linker stubs

.ARM.attributes
                0x0000000000000000       0x2b
 .ARM.attributes
                0x0000000000000000       0x1c /home/carlo/tools/gcc-arm-none-eabi-10-2020-q4-major-x86_64-linux/gcc-arm-none-eabi-10-2020-q4-major/bin/../lib/gcc/arm-none-eabi/10.2.1/crti.o
 .ARM.attributes
                0x000000000000001c       0x2a /home/carlo/tools/gcc-arm-none-eabi-10-2020-q4-major-x86_64-linux/gcc-arm-none-eabi-10-2020-q4-major/bin/../lib/gcc/arm-none-eabi/10.2.1/crtbegin.o
 .ARM.attributes
                0x0000000000000046       0x1a /home/carlo/tools/gcc-arm-none-eabi-10-2020-q4-major-x86_64-linux/gcc-arm-none-eabi-10-2020-q4-major/bin/../lib/gcc/arm-none-eabi/10.2.1/../../../../arm-none-eabi/lib/crt0.o
 .ARM.attributes
                0x0000000000000060       0x2d /home/carlo/projects/nxp/lpc178x/tft_display/build/obj/application/display.o
 .ARM.attributes
                0x000000000000008d       0x2d /home/carlo/projects/nxp/lpc178x/tft_display/build/obj/application/main.o
 .ARM.attributes
                0x00000000000000ba       0x2d /home/carlo/projects/nxp/lpc178x/tft_display/build/obj/application/startup_ARMCM3.o
 .ARM.attributes
                0x00000000000000e7       0x1b /home/carlo/projects/nxp/lpc178x/tft_display/build/obj/application/tx_initialize_low_level.o
 .ARM.attributes
                0x0000000000000102       0x2d /home/carlo/projects/nxp/lpc178x/tft_display/build/libtx.a(tx_initialize_high_level.o)
 .ARM.attributes
                0x000000000000012f       0x2d /home/carlo/projects/nxp/lpc178x/tft_display/build/libtx.a(tx_initialize_kernel_enter.o)
 .ARM.attributes
                0x000000000000015c       0x2d /home/carlo/projects/nxp/lpc178x/tft_display/build/libtx.a(tx_thread_initialize.o)
 .ARM.attributes
                0x0000000000000189       0x2d /home/carlo/projects/nxp/lpc178x/tft_display/build/libtx.a(tx_timer_initialize.o)
 .ARM.attributes
                0x00000000000001b6       0x2d /home/carlo/projects/nxp/lpc178x/tft_display/build/libtx.a(tx_timer_thread_entry.o)
 .ARM.attributes
                0x00000000000001e3       0x1b /home/carlo/projects/nxp/lpc178x/tft_display/build/libtx.a(tx_thread_schedule.o)
 .ARM.attributes
                0x00000000000001fe       0x1b /home/carlo/projects/nxp/lpc178x/tft_display/build/libtx.a(tx_timer_interrupt.o)
 .ARM.attributes
                0x0000000000000219       0x2d /home/carlo/projects/nxp/lpc178x/tft_display/build/libtx.a(txe_thread_create.o)
 .ARM.attributes
                0x0000000000000246       0x2d /home/carlo/projects/nxp/lpc178x/tft_display/build/libtx.a(tx_thread_create.o)
 .ARM.attributes
                0x0000000000000273       0x2d /home/carlo/projects/nxp/lpc178x/tft_display/build/libtx.a(tx_thread_shell_entry.o)
 .ARM.attributes
                0x00000000000002a0       0x2d /home/carlo/projects/nxp/lpc178x/tft_display/build/libtx.a(tx_thread_system_preempt_check.o)
 .ARM.attributes
                0x00000000000002cd       0x2d /home/carlo/projects/nxp/lpc178x/tft_display/build/libtx.a(tx_thread_system_resume.o)
 .ARM.attributes
                0x00000000000002fa       0x2d /home/carlo/projects/nxp/lpc178x/tft_display/build/libtx.a(tx_thread_system_suspend.o)
 .ARM.attributes
                0x0000000000000327       0x2d /home/carlo/projects/nxp/lpc178x/tft_display/build/libtx.a(tx_thread_timeout.o)
 .ARM.attributes
                0x0000000000000354       0x2d /home/carlo/projects/nxp/lpc178x/tft_display/build/libtx.a(tx_thread_time_slice.o)
 .ARM.attributes
                0x0000000000000381       0x2d /home/carlo/projects/nxp/lpc178x/tft_display/build/libtx.a(tx_timer_expiration_process.o)
 .ARM.attributes
                0x00000000000003ae       0x2d /home/carlo/projects/nxp/lpc178x/tft_display/build/libtx.a(tx_timer_system_activate.o)
 .ARM.attributes
                0x00000000000003db       0x2d /home/carlo/projects/nxp/lpc178x/tft_display/build/libtx.a(tx_timer_system_deactivate.o)
 .ARM.attributes
                0x0000000000000408       0x1b /home/carlo/projects/nxp/lpc178x/tft_display/build/libtx.a(tx_thread_stack_build.o)
 .ARM.attributes
                0x0000000000000423       0x2d /home/carlo/projects/nxp/lpc178x/tft_display/build/liblpc.a(iocon_17xx_40xx.o)
 .ARM.attributes
                0x0000000000000450       0x2d /home/carlo/projects/nxp/lpc178x/tft_display/build/liblpc.a(lcd_17xx_40xx.o)
 .ARM.attributes
                0x000000000000047d       0x2d /home/carlo/projects/nxp/lpc178x/tft_display/build/liblpc.a(sysinit_17xx_40xx.o)
 .ARM.attributes
                0x00000000000004aa       0x2d /home/carlo/projects/nxp/lpc178x/tft_display/build/liblpc.a(clock_17xx_40xx.o)
 .ARM.attributes
                0x00000000000004d7       0x2a /home/carlo/tools/gcc-arm-none-eabi-10-2020-q4-major-x86_64-linux/gcc-arm-none-eabi-10-2020-q4-major/bin/../lib/gcc/arm-none-eabi/10.2.1/libgcc.a(unwind-arm.o)
 .ARM.attributes
                0x0000000000000501       0x1c /home/carlo/tools/gcc-arm-none-eabi-10-2020-q4-major-x86_64-linux/gcc-arm-none-eabi-10-2020-q4-major/bin/../lib/gcc/arm-none-eabi/10.2.1/libgcc.a(libunwind.o)
 .ARM.attributes
                0x000000000000051d       0x2a /home/carlo/tools/gcc-arm-none-eabi-10-2020-q4-major-x86_64-linux/gcc-arm-none-eabi-10-2020-q4-major/bin/../lib/gcc/arm-none-eabi/10.2.1/libgcc.a(pr-support.o)
 .ARM.attributes
                0x0000000000000547       0x2a /home/carlo/tools/gcc-arm-none-eabi-10-2020-q4-major-x86_64-linux/gcc-arm-none-eabi-10-2020-q4-major/bin/../lib/gcc/arm-none-eabi/10.2.1/../../../../arm-none-eabi/lib/libc.a(lib_a-abort.o)
 .ARM.attributes
                0x0000000000000571       0x2a /home/carlo/tools/gcc-arm-none-eabi-10-2020-q4-major-x86_64-linux/gcc-arm-none-eabi-10-2020-q4-major/bin/../lib/gcc/arm-none-eabi/10.2.1/../../../../arm-none-eabi/lib/libc.a(lib_a-exit.o)
 .ARM.attributes
                0x000000000000059b       0x30 /home/carlo/tools/gcc-arm-none-eabi-10-2020-q4-major-x86_64-linux/gcc-arm-none-eabi-10-2020-q4-major/bin/../lib/gcc/arm-none-eabi/10.2.1/../../../../arm-none-eabi/lib/libc.a(lib_a-impure.o)
 .ARM.attributes
                0x00000000000005cb       0x2a /home/carlo/tools/gcc-arm-none-eabi-10-2020-q4-major-x86_64-linux/gcc-arm-none-eabi-10-2020-q4-major/bin/../lib/gcc/arm-none-eabi/10.2.1/../../../../arm-none-eabi/lib/libc.a(lib_a-init.o)
 .ARM.attributes
                0x00000000000005f5       0x2a /home/carlo/tools/gcc-arm-none-eabi-10-2020-q4-major-x86_64-linux/gcc-arm-none-eabi-10-2020-q4-major/bin/../lib/gcc/arm-none-eabi/10.2.1/../../../../arm-none-eabi/lib/libc.a(lib_a-memcpy-stub.o)
 .ARM.attributes
                0x000000000000061f       0x2a /home/carlo/tools/gcc-arm-none-eabi-10-2020-q4-major-x86_64-linux/gcc-arm-none-eabi-10-2020-q4-major/bin/../lib/gcc/arm-none-eabi/10.2.1/../../../../arm-none-eabi/lib/libc.a(lib_a-memset.o)
 .ARM.attributes
                0x0000000000000649       0x2a /home/carlo/tools/gcc-arm-none-eabi-10-2020-q4-major-x86_64-linux/gcc-arm-none-eabi-10-2020-q4-major/bin/../lib/gcc/arm-none-eabi/10.2.1/../../../../arm-none-eabi/lib/libc.a(lib_a-signal.o)
 .ARM.attributes
                0x0000000000000673       0x2a /home/carlo/tools/gcc-arm-none-eabi-10-2020-q4-major-x86_64-linux/gcc-arm-none-eabi-10-2020-q4-major/bin/../lib/gcc/arm-none-eabi/10.2.1/../../../../arm-none-eabi/lib/libc.a(lib_a-signalr.o)
 .ARM.attributes
                0x000000000000069d       0x2a /home/carlo/tools/gcc-arm-none-eabi-10-2020-q4-major-x86_64-linux/gcc-arm-none-eabi-10-2020-q4-major/bin/../lib/gcc/arm-none-eabi/10.2.1/../../../../arm-none-eabi/lib/libc.a(lib_a-__call_atexit.o)
 .ARM.attributes
                0x00000000000006c7       0x2a /home/carlo/tools/gcc-arm-none-eabi-10-2020-q4-major-x86_64-linux/gcc-arm-none-eabi-10-2020-q4-major/bin/../lib/gcc/arm-none-eabi/10.2.1/../../../../arm-none-eabi/lib/libc.a(lib_a-atexit.o)
 .ARM.attributes
                0x00000000000006f1       0x2a /home/carlo/tools/gcc-arm-none-eabi-10-2020-q4-major-x86_64-linux/gcc-arm-none-eabi-10-2020-q4-major/bin/../lib/gcc/arm-none-eabi/10.2.1/../../../../arm-none-eabi/lib/libc.a(lib_a-fini.o)
 .ARM.attributes
                0x000000000000071b       0x2a /home/carlo/tools/gcc-arm-none-eabi-10-2020-q4-major-x86_64-linux/gcc-arm-none-eabi-10-2020-q4-major/bin/../lib/gcc/arm-none-eabi/10.2.1/../../../../arm-none-eabi/lib/libc.a(lib_a-lock.o)
 .ARM.attributes
                0x0000000000000745       0x2a /home/carlo/tools/gcc-arm-none-eabi-10-2020-q4-major-x86_64-linux/gcc-arm-none-eabi-10-2020-q4-major/bin/../lib/gcc/arm-none-eabi/10.2.1/../../../../arm-none-eabi/lib/libc.a(lib_a-reent.o)
 .ARM.attributes
                0x000000000000076f       0x2a /home/carlo/tools/gcc-arm-none-eabi-10-2020-q4-major-x86_64-linux/gcc-arm-none-eabi-10-2020-q4-major/bin/../lib/gcc/arm-none-eabi/10.2.1/../../../../arm-none-eabi/lib/libc.a(lib_a-__atexit.o)
 .ARM.attributes
                0x0000000000000799       0x30 /home/carlo/tools/gcc-arm-none-eabi-10-2020-q4-major-x86_64-linux/gcc-arm-none-eabi-10-2020-q4-major/bin/../lib/gcc/arm-none-eabi/10.2.1/crtend.o
 .ARM.attributes
                0x00000000000007c9       0x1c /home/carlo/tools/gcc-arm-none-eabi-10-2020-q4-major-x86_64-linux/gcc-arm-none-eabi-10-2020-q4-major/bin/../lib/gcc/arm-none-eabi/10.2.1/crtn.o
 .ARM.attributes
                0x00000000000007e5       0x2a /home/carlo/tools/gcc-arm-none-eabi-10-2020-q4-major-x86_64-linux/gcc-arm-none-eabi-10-2020-q4-major/bin/../lib/gcc/arm-none-eabi/10.2.1/../../../../arm-none-eabi/lib/libnosys.a(getpid.o)
 .ARM.attributes
                0x000000000000080f       0x2a /home/carlo/tools/gcc-arm-none-eabi-10-2020-q4-major-x86_64-linux/gcc-arm-none-eabi-10-2020-q4-major/bin/../lib/gcc/arm-none-eabi/10.2.1/../../../../arm-none-eabi/lib/libnosys.a(kill.o)
 .ARM.attributes
                0x0000000000000839       0x2a /home/carlo/tools/gcc-arm-none-eabi-10-2020-q4-major-x86_64-linux/gcc-arm-none-eabi-10-2020-q4-major/bin/../lib/gcc/arm-none-eabi/10.2.1/../../../../arm-none-eabi/lib/libnosys.a(_exit.o)

.comment        0x0000000000000000       0x4d
 .comment       0x0000000000000000       0x4d /home/carlo/projects/nxp/lpc178x/tft_display/build/obj/application/display.o
                                         0x4e (size before relaxing)
 .comment       0x000000000000004d       0x4e /home/carlo/projects/nxp/lpc178x/tft_display/build/obj/application/main.o
 .comment       0x000000000000004d       0x4e /home/carlo/projects/nxp/lpc178x/tft_display/build/obj/application/startup_ARMCM3.o
 .comment       0x000000000000004d       0x4e /home/carlo/projects/nxp/lpc178x/tft_display/build/libtx.a(tx_initialize_high_level.o)
 .comment       0x000000000000004d       0x4e /home/carlo/projects/nxp/lpc178x/tft_display/build/libtx.a(tx_initialize_kernel_enter.o)
 .comment       0x000000000000004d       0x4e /home/carlo/projects/nxp/lpc178x/tft_display/build/libtx.a(tx_thread_initialize.o)
 .comment       0x000000000000004d       0x4e /home/carlo/projects/nxp/lpc178x/tft_display/build/libtx.a(tx_timer_initialize.o)
 .comment       0x000000000000004d       0x4e /home/carlo/projects/nxp/lpc178x/tft_display/build/libtx.a(tx_timer_thread_entry.o)
 .comment       0x000000000000004d       0x4e /home/carlo/projects/nxp/lpc178x/tft_display/build/libtx.a(txe_thread_create.o)
 .comment       0x000000000000004d       0x4e /home/carlo/projects/nxp/lpc178x/tft_display/build/libtx.a(tx_thread_create.o)
 .comment       0x000000000000004d       0x4e /home/carlo/projects/nxp/lpc178x/tft_display/build/libtx.a(tx_thread_shell_entry.o)
 .comment       0x000000000000004d       0x4e /home/carlo/projects/nxp/lpc178x/tft_display/build/libtx.a(tx_thread_system_preempt_check.o)
 .comment       0x000000000000004d       0x4e /home/carlo/projects/nxp/lpc178x/tft_display/build/libtx.a(tx_thread_system_resume.o)
 .comment       0x000000000000004d       0x4e /home/carlo/projects/nxp/lpc178x/tft_display/build/libtx.a(tx_thread_system_suspend.o)
 .comment       0x000000000000004d       0x4e /home/carlo/projects/nxp/lpc178x/tft_display/build/libtx.a(tx_thread_timeout.o)
 .comment       0x000000000000004d       0x4e /home/carlo/projects/nxp/lpc178x/tft_display/build/libtx.a(tx_thread_time_slice.o)
 .comment       0x000000000000004d       0x4e /home/carlo/projects/nxp/lpc178x/tft_display/build/libtx.a(tx_timer_expiration_process.o)
 .comment       0x000000000000004d       0x4e /home/carlo/projects/nxp/lpc178x/tft_display/build/libtx.a(tx_timer_system_activate.o)
 .comment       0x000000000000004d       0x4e /home/carlo/projects/nxp/lpc178x/tft_display/build/libtx.a(tx_timer_system_deactivate.o)
 .comment       0x000000000000004d       0x4e /home/carlo/projects/nxp/lpc178x/tft_display/build/liblpc.a(iocon_17xx_40xx.o)
 .comment       0x000000000000004d       0x4e /home/carlo/projects/nxp/lpc178x/tft_display/build/liblpc.a(lcd_17xx_40xx.o)
 .comment       0x000000000000004d       0x4e /home/carlo/projects/nxp/lpc178x/tft_display/build/liblpc.a(sysinit_17xx_40xx.o)
 .comment       0x000000000000004d       0x4e /home/carlo/projects/nxp/lpc178x/tft_display/build/liblpc.a(clock_17xx_40xx.o)

.debug_info     0x0000000000000000     0xa5d0
 .debug_info    0x0000000000000000     0x1165 /home/carlo/projects/nxp/lpc178x/tft_display/build/obj/application/display.o
 .debug_info    0x0000000000001165     0x1722 /home/carlo/projects/nxp/lpc178x/tft_display/build/obj/application/main.o
 .debug_info    0x0000000000002887      0x1b1 /home/carlo/projects/nxp/lpc178x/tft_display/build/obj/application/startup_ARMCM3.o
 .debug_info    0x0000000000002a38       0x26 /home/carlo/projects/nxp/lpc178x/tft_display/build/obj/application/tx_initialize_low_level.o
 .debug_info    0x0000000000002a5e      0x9dc /home/carlo/projects/nxp/lpc178x/tft_display/build/libtx.a(tx_initialize_high_level.o)
 .debug_info    0x000000000000343a       0xda /home/carlo/projects/nxp/lpc178x/tft_display/build/libtx.a(tx_initialize_kernel_enter.o)
 .debug_info    0x0000000000003514      0x683 /home/carlo/projects/nxp/lpc178x/tft_display/build/libtx.a(tx_thread_initialize.o)
 .debug_info    0x0000000000003b97      0x6e7 /home/carlo/projects/nxp/lpc178x/tft_display/build/libtx.a(tx_timer_initialize.o)
 .debug_info    0x000000000000427e      0x769 /home/carlo/projects/nxp/lpc178x/tft_display/build/libtx.a(tx_timer_thread_entry.o)
 .debug_info    0x00000000000049e7       0x26 /home/carlo/projects/nxp/lpc178x/tft_display/build/libtx.a(tx_thread_schedule.o)
 .debug_info    0x0000000000004a0d       0x26 /home/carlo/projects/nxp/lpc178x/tft_display/build/libtx.a(tx_timer_interrupt.o)
 .debug_info    0x0000000000004a33      0x783 /home/carlo/projects/nxp/lpc178x/tft_display/build/libtx.a(txe_thread_create.o)
 .debug_info    0x00000000000051b6      0x74d /home/carlo/projects/nxp/lpc178x/tft_display/build/libtx.a(tx_thread_create.o)
 .debug_info    0x0000000000005903      0x619 /home/carlo/projects/nxp/lpc178x/tft_display/build/libtx.a(tx_thread_shell_entry.o)
 .debug_info    0x0000000000005f1c      0x5f4 /home/carlo/projects/nxp/lpc178x/tft_display/build/libtx.a(tx_thread_system_preempt_check.o)
 .debug_info    0x0000000000006510      0x7c8 /home/carlo/projects/nxp/lpc178x/tft_display/build/libtx.a(tx_thread_system_resume.o)
 .debug_info    0x0000000000006cd8      0x8ef /home/carlo/projects/nxp/lpc178x/tft_display/build/libtx.a(tx_thread_system_suspend.o)
 .debug_info    0x00000000000075c7      0x5bf /home/carlo/projects/nxp/lpc178x/tft_display/build/libtx.a(tx_thread_timeout.o)
 .debug_info    0x0000000000007b86      0x5bf /home/carlo/projects/nxp/lpc178x/tft_display/build/libtx.a(tx_thread_time_slice.o)
 .debug_info    0x0000000000008145      0x572 /home/carlo/projects/nxp/lpc178x/tft_display/build/libtx.a(tx_timer_expiration_process.o)
 .debug_info    0x00000000000086b7      0x1d1 /home/carlo/projects/nxp/lpc178x/tft_display/build/libtx.a(tx_timer_system_activate.o)
 .debug_info    0x0000000000008888      0x180 /home/carlo/projects/nxp/lpc178x/tft_display/build/libtx.a(tx_timer_system_deactivate.o)
 .debug_info    0x0000000000008a08       0x26 /home/carlo/projects/nxp/lpc178x/tft_display/build/libtx.a(tx_thread_stack_build.o)
 .debug_info    0x0000000000008a2e      0x1e8 /home/carlo/projects/nxp/lpc178x/tft_display/build/liblpc.a(iocon_17xx_40xx.o)
 .debug_info    0x0000000000008c16      0x8a9 /home/carlo/projects/nxp/lpc178x/tft_display/build/liblpc.a(lcd_17xx_40xx.o)
 .debug_info    0x00000000000094bf      0x50b /home/carlo/projects/nxp/lpc178x/tft_display/build/liblpc.a(sysinit_17xx_40xx.o)
 .debug_info    0x00000000000099ca      0xc06 /home/carlo/projects/nxp/lpc178x/tft_display/build/liblpc.a(clock_17xx_40xx.o)

.debug_abbrev   0x0000000000000000     0x22c4
 .debug_abbrev  0x0000000000000000      0x25c /home/carlo/projects/nxp/lpc178x/tft_display/build/obj/application/display.o
 .debug_abbrev  0x000000000000025c      0x313 /home/carlo/projects/nxp/lpc178x/tft_display/build/obj/application/main.o
 .debug_abbrev  0x000000000000056f       0xfe /home/carlo/projects/nxp/lpc178x/tft_display/build/obj/application/startup_ARMCM3.o
 .debug_abbrev  0x000000000000066d       0x14 /home/carlo/projects/nxp/lpc178x/tft_display/build/obj/application/tx_initialize_low_level.o
 .debug_abbrev  0x0000000000000681       0xdc /home/carlo/projects/nxp/lpc178x/tft_display/build/libtx.a(tx_initialize_high_level.o)
 .debug_abbrev  0x000000000000075d       0x8a /home/carlo/projects/nxp/lpc178x/tft_display/build/libtx.a(tx_initialize_kernel_enter.o)
 .debug_abbrev  0x00000000000007e7       0xfc /home/carlo/projects/nxp/lpc178x/tft_display/build/libtx.a(tx_thread_initialize.o)
 .debug_abbrev  0x00000000000008e3       0xf3 /home/carlo/projects/nxp/lpc178x/tft_display/build/libtx.a(tx_timer_initialize.o)
 .debug_abbrev  0x00000000000009d6      0x19a /home/carlo/projects/nxp/lpc178x/tft_display/build/libtx.a(tx_timer_thread_entry.o)
 .debug_abbrev  0x0000000000000b70       0x14 /home/carlo/projects/nxp/lpc178x/tft_display/build/libtx.a(tx_thread_schedule.o)
 .debug_abbrev  0x0000000000000b84       0x14 /home/carlo/projects/nxp/lpc178x/tft_display/build/libtx.a(tx_timer_interrupt.o)
 .debug_abbrev  0x0000000000000b98      0x1ad /home/carlo/projects/nxp/lpc178x/tft_display/build/libtx.a(txe_thread_create.o)
 .debug_abbrev  0x0000000000000d45      0x189 /home/carlo/projects/nxp/lpc178x/tft_display/build/libtx.a(tx_thread_create.o)
 .debug_abbrev  0x0000000000000ece      0x174 /home/carlo/projects/nxp/lpc178x/tft_display/build/libtx.a(tx_thread_shell_entry.o)
 .debug_abbrev  0x0000000000001042      0x196 /home/carlo/projects/nxp/lpc178x/tft_display/build/libtx.a(tx_thread_system_preempt_check.o)
 .debug_abbrev  0x00000000000011d8      0x1d3 /home/carlo/projects/nxp/lpc178x/tft_display/build/libtx.a(tx_thread_system_resume.o)
 .debug_abbrev  0x00000000000013ab      0x1ce /home/carlo/projects/nxp/lpc178x/tft_display/build/libtx.a(tx_thread_system_suspend.o)
 .debug_abbrev  0x0000000000001579      0x185 /home/carlo/projects/nxp/lpc178x/tft_display/build/libtx.a(tx_thread_timeout.o)
 .debug_abbrev  0x00000000000016fe      0x192 /home/carlo/projects/nxp/lpc178x/tft_display/build/libtx.a(tx_thread_time_slice.o)
 .debug_abbrev  0x0000000000001890      0x187 /home/carlo/projects/nxp/lpc178x/tft_display/build/libtx.a(tx_timer_expiration_process.o)
 .debug_abbrev  0x0000000000001a17       0xd5 /home/carlo/projects/nxp/lpc178x/tft_display/build/libtx.a(tx_timer_system_activate.o)
 .debug_abbrev  0x0000000000001aec       0xc2 /home/carlo/projects/nxp/lpc178x/tft_display/build/libtx.a(tx_timer_system_deactivate.o)
 .debug_abbrev  0x0000000000001bae       0x14 /home/carlo/projects/nxp/lpc178x/tft_display/build/libtx.a(tx_thread_stack_build.o)
 .debug_abbrev  0x0000000000001bc2      0x112 /home/carlo/projects/nxp/lpc178x/tft_display/build/liblpc.a(iocon_17xx_40xx.o)
 .debug_abbrev  0x0000000000001cd4      0x192 /home/carlo/projects/nxp/lpc178x/tft_display/build/liblpc.a(lcd_17xx_40xx.o)
 .debug_abbrev  0x0000000000001e66      0x175 /home/carlo/projects/nxp/lpc178x/tft_display/build/liblpc.a(sysinit_17xx_40xx.o)
 .debug_abbrev  0x0000000000001fdb      0x2e9 /home/carlo/projects/nxp/lpc178x/tft_display/build/liblpc.a(clock_17xx_40xx.o)

.debug_aranges  0x0000000000000000      0x4f8
 .debug_aranges
                0x0000000000000000       0x20 /home/carlo/projects/nxp/lpc178x/tft_display/build/obj/application/display.o
 .debug_aranges
                0x0000000000000020       0x30 /home/carlo/projects/nxp/lpc178x/tft_display/build/obj/application/main.o
 .debug_aranges
                0x0000000000000050       0x28 /home/carlo/projects/nxp/lpc178x/tft_display/build/obj/application/startup_ARMCM3.o
 .debug_aranges
                0x0000000000000078       0x20 /home/carlo/projects/nxp/lpc178x/tft_display/build/obj/application/tx_initialize_low_level.o
 .debug_aranges
                0x0000000000000098       0x20 /home/carlo/projects/nxp/lpc178x/tft_display/build/libtx.a(tx_initialize_high_level.o)
 .debug_aranges
                0x00000000000000b8       0x20 /home/carlo/projects/nxp/lpc178x/tft_display/build/libtx.a(tx_initialize_kernel_enter.o)
 .debug_aranges
                0x00000000000000d8       0x20 /home/carlo/projects/nxp/lpc178x/tft_display/build/libtx.a(tx_thread_initialize.o)
 .debug_aranges
                0x00000000000000f8       0x20 /home/carlo/projects/nxp/lpc178x/tft_display/build/libtx.a(tx_timer_initialize.o)
 .debug_aranges
                0x0000000000000118       0x20 /home/carlo/projects/nxp/lpc178x/tft_display/build/libtx.a(tx_timer_thread_entry.o)
 .debug_aranges
                0x0000000000000138       0x20 /home/carlo/projects/nxp/lpc178x/tft_display/build/libtx.a(tx_thread_schedule.o)
 .debug_aranges
                0x0000000000000158       0x20 /home/carlo/projects/nxp/lpc178x/tft_display/build/libtx.a(tx_timer_interrupt.o)
 .debug_aranges
                0x0000000000000178       0x20 /home/carlo/projects/nxp/lpc178x/tft_display/build/libtx.a(txe_thread_create.o)
 .debug_aranges
                0x0000000000000198       0x20 /home/carlo/projects/nxp/lpc178x/tft_display/build/libtx.a(tx_thread_create.o)
 .debug_aranges
                0x00000000000001b8       0x20 /home/carlo/projects/nxp/lpc178x/tft_display/build/libtx.a(tx_thread_shell_entry.o)
 .debug_aranges
                0x00000000000001d8       0x20 /home/carlo/projects/nxp/lpc178x/tft_display/build/libtx.a(tx_thread_system_preempt_check.o)
 .debug_aranges
                0x00000000000001f8       0x20 /home/carlo/projects/nxp/lpc178x/tft_display/build/libtx.a(tx_thread_system_resume.o)
 .debug_aranges
                0x0000000000000218       0x20 /home/carlo/projects/nxp/lpc178x/tft_display/build/libtx.a(tx_thread_system_suspend.o)
 .debug_aranges
                0x0000000000000238       0x20 /home/carlo/projects/nxp/lpc178x/tft_display/build/libtx.a(tx_thread_timeout.o)
 .debug_aranges
                0x0000000000000258       0x20 /home/carlo/projects/nxp/lpc178x/tft_display/build/libtx.a(tx_thread_time_slice.o)
 .debug_aranges
                0x0000000000000278       0x20 /home/carlo/projects/nxp/lpc178x/tft_display/build/libtx.a(tx_timer_expiration_process.o)
 .debug_aranges
                0x0000000000000298       0x20 /home/carlo/projects/nxp/lpc178x/tft_display/build/libtx.a(tx_timer_system_activate.o)
 .debug_aranges
                0x00000000000002b8       0x20 /home/carlo/projects/nxp/lpc178x/tft_display/build/libtx.a(tx_timer_system_deactivate.o)
 .debug_aranges
                0x00000000000002d8       0x20 /home/carlo/projects/nxp/lpc178x/tft_display/build/libtx.a(tx_thread_stack_build.o)
 .debug_aranges
                0x00000000000002f8       0x28 /home/carlo/projects/nxp/lpc178x/tft_display/build/liblpc.a(iocon_17xx_40xx.o)
 .debug_aranges
                0x0000000000000320       0x40 /home/carlo/projects/nxp/lpc178x/tft_display/build/liblpc.a(lcd_17xx_40xx.o)
 .debug_aranges
                0x0000000000000360       0x60 /home/carlo/projects/nxp/lpc178x/tft_display/build/liblpc.a(sysinit_17xx_40xx.o)
 .debug_aranges
                0x00000000000003c0      0x138 /home/carlo/projects/nxp/lpc178x/tft_display/build/liblpc.a(clock_17xx_40xx.o)

.debug_ranges   0x0000000000000000      0x320
 .debug_ranges  0x0000000000000000       0x10 /home/carlo/projects/nxp/lpc178x/tft_display/build/obj/application/display.o
 .debug_ranges  0x0000000000000010       0x20 /home/carlo/projects/nxp/lpc178x/tft_display/build/obj/application/main.o
 .debug_ranges  0x0000000000000030       0x18 /home/carlo/projects/nxp/lpc178x/tft_display/build/obj/application/startup_ARMCM3.o
 .debug_ranges  0x0000000000000048       0x10 /home/carlo/projects/nxp/lpc178x/tft_display/build/libtx.a(tx_initialize_high_level.o)
 .debug_ranges  0x0000000000000058       0x10 /home/carlo/projects/nxp/lpc178x/tft_display/build/libtx.a(tx_initialize_kernel_enter.o)
 .debug_ranges  0x0000000000000068       0x10 /home/carlo/projects/nxp/lpc178x/tft_display/build/libtx.a(tx_thread_initialize.o)
 .debug_ranges  0x0000000000000078       0x10 /home/carlo/projects/nxp/lpc178x/tft_display/build/libtx.a(tx_timer_initialize.o)
 .debug_ranges  0x0000000000000088       0x10 /home/carlo/projects/nxp/lpc178x/tft_display/build/libtx.a(tx_timer_thread_entry.o)
 .debug_ranges  0x0000000000000098       0x10 /home/carlo/projects/nxp/lpc178x/tft_display/build/libtx.a(txe_thread_create.o)
 .debug_ranges  0x00000000000000a8       0x10 /home/carlo/projects/nxp/lpc178x/tft_display/build/libtx.a(tx_thread_create.o)
 .debug_ranges  0x00000000000000b8       0x10 /home/carlo/projects/nxp/lpc178x/tft_display/build/libtx.a(tx_thread_shell_entry.o)
 .debug_ranges  0x00000000000000c8       0x10 /home/carlo/projects/nxp/lpc178x/tft_display/build/libtx.a(tx_thread_system_preempt_check.o)
 .debug_ranges  0x00000000000000d8       0x28 /home/carlo/projects/nxp/lpc178x/tft_display/build/libtx.a(tx_thread_system_resume.o)
 .debug_ranges  0x0000000000000100       0x10 /home/carlo/projects/nxp/lpc178x/tft_display/build/libtx.a(tx_thread_system_suspend.o)
 .debug_ranges  0x0000000000000110       0x10 /home/carlo/projects/nxp/lpc178x/tft_display/build/libtx.a(tx_thread_timeout.o)
 .debug_ranges  0x0000000000000120       0x10 /home/carlo/projects/nxp/lpc178x/tft_display/build/libtx.a(tx_thread_time_slice.o)
 .debug_ranges  0x0000000000000130       0x10 /home/carlo/projects/nxp/lpc178x/tft_display/build/libtx.a(tx_timer_expiration_process.o)
 .debug_ranges  0x0000000000000140       0x10 /home/carlo/projects/nxp/lpc178x/tft_display/build/libtx.a(tx_timer_system_activate.o)
 .debug_ranges  0x0000000000000150       0x10 /home/carlo/projects/nxp/lpc178x/tft_display/build/libtx.a(tx_timer_system_deactivate.o)
 .debug_ranges  0x0000000000000160       0x18 /home/carlo/projects/nxp/lpc178x/tft_display/build/liblpc.a(iocon_17xx_40xx.o)
 .debug_ranges  0x0000000000000178       0x30 /home/carlo/projects/nxp/lpc178x/tft_display/build/liblpc.a(lcd_17xx_40xx.o)
 .debug_ranges  0x00000000000001a8       0x50 /home/carlo/projects/nxp/lpc178x/tft_display/build/liblpc.a(sysinit_17xx_40xx.o)
 .debug_ranges  0x00000000000001f8      0x128 /home/carlo/projects/nxp/lpc178x/tft_display/build/liblpc.a(clock_17xx_40xx.o)

.debug_macro    0x0000000000000000     0xb2bc
 .debug_macro   0x0000000000000000      0x394 /home/carlo/projects/nxp/lpc178x/tft_display/build/obj/application/display.o
 .debug_macro   0x0000000000000394      0xb50 /home/carlo/projects/nxp/lpc178x/tft_display/build/obj/application/display.o
 .debug_macro   0x0000000000000ee4       0x1c /home/carlo/projects/nxp/lpc178x/tft_display/build/obj/application/display.o
 .debug_macro   0x0000000000000f00       0x22 /home/carlo/projects/nxp/lpc178x/tft_display/build/obj/application/display.o
 .debug_macro   0x0000000000000f22       0x8e /home/carlo/projects/nxp/lpc178x/tft_display/build/obj/application/display.o
 .debug_macro   0x0000000000000fb0       0x51 /home/carlo/projects/nxp/lpc178x/tft_display/build/obj/application/display.o
 .debug_macro   0x0000000000001001      0x103 /home/carlo/projects/nxp/lpc178x/tft_display/build/obj/application/display.o
 .debug_macro   0x0000000000001104       0x6a /home/carlo/projects/nxp/lpc178x/tft_display/build/obj/application/display.o
 .debug_macro   0x000000000000116e      0x1df /home/carlo/projects/nxp/lpc178x/tft_display/build/obj/application/display.o
 .debug_macro   0x000000000000134d       0x16 /home/carlo/projects/nxp/lpc178x/tft_display/build/obj/application/display.o
 .debug_macro   0x0000000000001363       0x66 /home/carlo/projects/nxp/lpc178x/tft_display/build/obj/application/display.o
 .debug_macro   0x00000000000013c9      0x18a /home/carlo/projects/nxp/lpc178x/tft_display/build/obj/application/display.o
 .debug_macro   0x0000000000001553       0x10 /home/carlo/projects/nxp/lpc178x/tft_display/build/obj/application/display.o
 .debug_macro   0x0000000000001563      0x456 /home/carlo/projects/nxp/lpc178x/tft_display/build/obj/application/display.o
 .debug_macro   0x00000000000019b9       0x10 /home/carlo/projects/nxp/lpc178x/tft_display/build/obj/application/display.o
 .debug_macro   0x00000000000019c9       0x18 /home/carlo/projects/nxp/lpc178x/tft_display/build/obj/application/display.o
 .debug_macro   0x00000000000019e1       0x64 /home/carlo/projects/nxp/lpc178x/tft_display/build/obj/application/display.o
 .debug_macro   0x0000000000001a45       0x35 /home/carlo/projects/nxp/lpc178x/tft_display/build/obj/application/display.o
 .debug_macro   0x0000000000001a7a       0x34 /home/carlo/projects/nxp/lpc178x/tft_display/build/obj/application/display.o
 .debug_macro   0x0000000000001aae       0x16 /home/carlo/projects/nxp/lpc178x/tft_display/build/obj/application/display.o
 .debug_macro   0x0000000000001ac4      0x10e /home/carlo/projects/nxp/lpc178x/tft_display/build/obj/application/display.o
 .debug_macro   0x0000000000001bd2       0x94 /home/carlo/projects/nxp/lpc178x/tft_display/build/obj/application/display.o
 .debug_macro   0x0000000000001c66       0x16 /home/carlo/projects/nxp/lpc178x/tft_display/build/obj/application/display.o
 .debug_macro   0x0000000000001c7c       0x43 /home/carlo/projects/nxp/lpc178x/tft_display/build/obj/application/display.o
 .debug_macro   0x0000000000001cbf       0x34 /home/carlo/projects/nxp/lpc178x/tft_display/build/obj/application/display.o
 .debug_macro   0x0000000000001cf3       0x10 /home/carlo/projects/nxp/lpc178x/tft_display/build/obj/application/display.o
 .debug_macro   0x0000000000001d03       0x58 /home/carlo/projects/nxp/lpc178x/tft_display/build/obj/application/display.o
 .debug_macro   0x0000000000001d5b      0x182 /home/carlo/projects/nxp/lpc178x/tft_display/build/obj/application/display.o
 .debug_macro   0x0000000000001edd      0x356 /home/carlo/projects/nxp/lpc178x/tft_display/build/obj/application/display.o
 .debug_macro   0x0000000000002233       0x16 /home/carlo/projects/nxp/lpc178x/tft_display/build/obj/application/display.o
 .debug_macro   0x0000000000002249       0x29 /home/carlo/projects/nxp/lpc178x/tft_display/build/obj/application/display.o
 .debug_macro   0x0000000000002272       0x1c /home/carlo/projects/nxp/lpc178x/tft_display/build/obj/application/display.o
 .debug_macro   0x000000000000228e       0xde /home/carlo/projects/nxp/lpc178x/tft_display/build/obj/application/display.o
 .debug_macro   0x000000000000236c       0x16 /home/carlo/projects/nxp/lpc178x/tft_display/build/obj/application/display.o
 .debug_macro   0x0000000000002382       0x35 /home/carlo/projects/nxp/lpc178x/tft_display/build/obj/application/display.o
 .debug_macro   0x00000000000023b7      0x15e /home/carlo/projects/nxp/lpc178x/tft_display/build/obj/application/display.o
 .debug_macro   0x0000000000002515      0x91e /home/carlo/projects/nxp/lpc178x/tft_display/build/obj/application/display.o
 .debug_macro   0x0000000000002e33       0x16 /home/carlo/projects/nxp/lpc178x/tft_display/build/obj/application/display.o
 .debug_macro   0x0000000000002e49       0x2d /home/carlo/projects/nxp/lpc178x/tft_display/build/obj/application/display.o
 .debug_macro   0x0000000000002e76       0x3a /home/carlo/projects/nxp/lpc178x/tft_display/build/obj/application/display.o
 .debug_macro   0x0000000000002eb0       0x2d /home/carlo/projects/nxp/lpc178x/tft_display/build/obj/application/display.o
 .debug_macro   0x0000000000002edd      0xbb1 /home/carlo/projects/nxp/lpc178x/tft_display/build/obj/application/display.o
 .debug_macro   0x0000000000003a8e      0x288 /home/carlo/projects/nxp/lpc178x/tft_display/build/obj/application/display.o
 .debug_macro   0x0000000000003d16       0x50 /home/carlo/projects/nxp/lpc178x/tft_display/build/obj/application/display.o
 .debug_macro   0x0000000000003d66       0x34 /home/carlo/projects/nxp/lpc178x/tft_display/build/obj/application/display.o
 .debug_macro   0x0000000000003d9a      0x152 /home/carlo/projects/nxp/lpc178x/tft_display/build/obj/application/display.o
 .debug_macro   0x0000000000003eec       0x82 /home/carlo/projects/nxp/lpc178x/tft_display/build/obj/application/display.o
 .debug_macro   0x0000000000003f6e      0x48c /home/carlo/projects/nxp/lpc178x/tft_display/build/obj/application/display.o
 .debug_macro   0x00000000000043fa       0x6a /home/carlo/projects/nxp/lpc178x/tft_display/build/obj/application/display.o
 .debug_macro   0x0000000000004464       0x34 /home/carlo/projects/nxp/lpc178x/tft_display/build/obj/application/display.o
 .debug_macro   0x0000000000004498       0x58 /home/carlo/projects/nxp/lpc178x/tft_display/build/obj/application/display.o
 .debug_macro   0x00000000000044f0      0x236 /home/carlo/projects/nxp/lpc178x/tft_display/build/obj/application/display.o
 .debug_macro   0x0000000000004726      0x4c5 /home/carlo/projects/nxp/lpc178x/tft_display/build/obj/application/display.o
 .debug_macro   0x0000000000004beb      0x1da /home/carlo/projects/nxp/lpc178x/tft_display/build/obj/application/display.o
 .debug_macro   0x0000000000004dc5       0x10 /home/carlo/projects/nxp/lpc178x/tft_display/build/obj/application/display.o
 .debug_macro   0x0000000000004dd5      0x21b /home/carlo/projects/nxp/lpc178x/tft_display/build/obj/application/display.o
 .debug_macro   0x0000000000004ff0      0x1b9 /home/carlo/projects/nxp/lpc178x/tft_display/build/obj/application/display.o
 .debug_macro   0x00000000000051a9       0x2e /home/carlo/projects/nxp/lpc178x/tft_display/build/obj/application/display.o
 .debug_macro   0x00000000000051d7       0x40 /home/carlo/projects/nxp/lpc178x/tft_display/build/obj/application/display.o
 .debug_macro   0x0000000000005217      0x209 /home/carlo/projects/nxp/lpc178x/tft_display/build/obj/application/display.o
 .debug_macro   0x0000000000005420      0x2b3 /home/carlo/projects/nxp/lpc178x/tft_display/build/obj/application/display.o
 .debug_macro   0x00000000000056d3      0x34c /home/carlo/projects/nxp/lpc178x/tft_display/build/obj/application/display.o
 .debug_macro   0x0000000000005a1f       0xb2 /home/carlo/projects/nxp/lpc178x/tft_display/build/obj/application/display.o
 .debug_macro   0x0000000000005ad1       0xb8 /home/carlo/projects/nxp/lpc178x/tft_display/build/obj/application/display.o
 .debug_macro   0x0000000000005b89       0x4c /home/carlo/projects/nxp/lpc178x/tft_display/build/obj/application/display.o
 .debug_macro   0x0000000000005bd5       0x16 /home/carlo/projects/nxp/lpc178x/tft_display/build/obj/application/display.o
 .debug_macro   0x0000000000005beb      0x328 /home/carlo/projects/nxp/lpc178x/tft_display/build/obj/application/display.o
 .debug_macro   0x0000000000005f13       0x3a /home/carlo/projects/nxp/lpc178x/tft_display/build/obj/application/display.o
 .debug_macro   0x0000000000005f4d       0x16 /home/carlo/projects/nxp/lpc178x/tft_display/build/obj/application/display.o
 .debug_macro   0x0000000000005f63       0xca /home/carlo/projects/nxp/lpc178x/tft_display/build/obj/application/display.o
 .debug_macro   0x000000000000602d       0x11 /home/carlo/projects/nxp/lpc178x/tft_display/build/obj/application/display.o
 .debug_macro   0x000000000000603e       0x16 /home/carlo/projects/nxp/lpc178x/tft_display/build/obj/application/display.o
 .debug_macro   0x0000000000006054      0x394 /home/carlo/projects/nxp/lpc178x/tft_display/build/obj/application/main.o
 .debug_macro   0x00000000000063e8       0x18 /home/carlo/projects/nxp/lpc178x/tft_display/build/obj/application/main.o
 .debug_macro   0x0000000000006400       0x76 /home/carlo/projects/nxp/lpc178x/tft_display/build/obj/application/startup_ARMCM3.o
 .debug_macro   0x0000000000006476      0xa60 /home/carlo/projects/nxp/lpc178x/tft_display/build/obj/application/startup_ARMCM3.o
 .debug_macro   0x0000000000006ed6      0x1a3 /home/carlo/projects/nxp/lpc178x/tft_display/build/libtx.a(tx_initialize_high_level.o)
 .debug_macro   0x0000000000007079      0xa5a /home/carlo/projects/nxp/lpc178x/tft_display/build/libtx.a(tx_initialize_high_level.o)
 .debug_macro   0x0000000000007ad3       0x5e /home/carlo/projects/nxp/lpc178x/tft_display/build/libtx.a(tx_initialize_high_level.o)
 .debug_macro   0x0000000000007b31       0x94 /home/carlo/projects/nxp/lpc178x/tft_display/build/libtx.a(tx_initialize_high_level.o)
 .debug_macro   0x0000000000007bc5       0x34 /home/carlo/projects/nxp/lpc178x/tft_display/build/libtx.a(tx_initialize_high_level.o)
 .debug_macro   0x0000000000007bf9      0x10e /home/carlo/projects/nxp/lpc178x/tft_display/build/libtx.a(tx_initialize_high_level.o)
 .debug_macro   0x0000000000007d07       0x8d /home/carlo/projects/nxp/lpc178x/tft_display/build/libtx.a(tx_initialize_high_level.o)
 .debug_macro   0x0000000000007d94       0x43 /home/carlo/projects/nxp/lpc178x/tft_display/build/libtx.a(tx_initialize_high_level.o)
 .debug_macro   0x0000000000007dd7       0x57 /home/carlo/projects/nxp/lpc178x/tft_display/build/libtx.a(tx_initialize_high_level.o)
 .debug_macro   0x0000000000007e2e      0x333 /home/carlo/projects/nxp/lpc178x/tft_display/build/libtx.a(tx_initialize_high_level.o)
 .debug_macro   0x0000000000008161       0x35 /home/carlo/projects/nxp/lpc178x/tft_display/build/libtx.a(tx_initialize_high_level.o)
 .debug_macro   0x0000000000008196      0x69a /home/carlo/projects/nxp/lpc178x/tft_display/build/libtx.a(tx_initialize_high_level.o)
 .debug_macro   0x0000000000008830       0x22 /home/carlo/projects/nxp/lpc178x/tft_display/build/libtx.a(tx_initialize_high_level.o)
 .debug_macro   0x0000000000008852       0x34 /home/carlo/projects/nxp/lpc178x/tft_display/build/libtx.a(tx_initialize_high_level.o)
 .debug_macro   0x0000000000008886       0x6b /home/carlo/projects/nxp/lpc178x/tft_display/build/libtx.a(tx_initialize_high_level.o)
 .debug_macro   0x00000000000088f1       0x23 /home/carlo/projects/nxp/lpc178x/tft_display/build/libtx.a(tx_initialize_high_level.o)
 .debug_macro   0x0000000000008914       0x29 /home/carlo/projects/nxp/lpc178x/tft_display/build/libtx.a(tx_initialize_high_level.o)
 .debug_macro   0x000000000000893d       0x2f /home/carlo/projects/nxp/lpc178x/tft_display/build/libtx.a(tx_initialize_high_level.o)
 .debug_macro   0x000000000000896c       0x35 /home/carlo/projects/nxp/lpc178x/tft_display/build/libtx.a(tx_initialize_high_level.o)
 .debug_macro   0x00000000000089a1       0x29 /home/carlo/projects/nxp/lpc178x/tft_display/build/libtx.a(tx_initialize_high_level.o)
 .debug_macro   0x00000000000089ca       0x29 /home/carlo/projects/nxp/lpc178x/tft_display/build/libtx.a(tx_initialize_high_level.o)
 .debug_macro   0x00000000000089f3       0x3b /home/carlo/projects/nxp/lpc178x/tft_display/build/libtx.a(tx_initialize_high_level.o)
 .debug_macro   0x0000000000008a2e      0x15e /home/carlo/projects/nxp/lpc178x/tft_display/build/libtx.a(tx_initialize_kernel_enter.o)
 .debug_macro   0x0000000000008b8c      0x15b /home/carlo/projects/nxp/lpc178x/tft_display/build/libtx.a(tx_thread_initialize.o)
 .debug_macro   0x0000000000008ce7      0x155 /home/carlo/projects/nxp/lpc178x/tft_display/build/libtx.a(tx_timer_initialize.o)
 .debug_macro   0x0000000000008e3c      0x155 /home/carlo/projects/nxp/lpc178x/tft_display/build/libtx.a(tx_timer_thread_entry.o)
 .debug_macro   0x0000000000008f91      0x15e /home/carlo/projects/nxp/lpc178x/tft_display/build/libtx.a(txe_thread_create.o)
 .debug_macro   0x00000000000090ef      0x15e /home/carlo/projects/nxp/lpc178x/tft_display/build/libtx.a(tx_thread_create.o)
 .debug_macro   0x000000000000924d      0x14c /home/carlo/projects/nxp/lpc178x/tft_display/build/libtx.a(tx_thread_shell_entry.o)
 .debug_macro   0x0000000000009399      0x14c /home/carlo/projects/nxp/lpc178x/tft_display/build/libtx.a(tx_thread_system_preempt_check.o)
 .debug_macro   0x00000000000094e5      0x15e /home/carlo/projects/nxp/lpc178x/tft_display/build/libtx.a(tx_thread_system_resume.o)
 .debug_macro   0x0000000000009643      0x15e /home/carlo/projects/nxp/lpc178x/tft_display/build/libtx.a(tx_thread_system_suspend.o)
 .debug_macro   0x00000000000097a1      0x155 /home/carlo/projects/nxp/lpc178x/tft_display/build/libtx.a(tx_thread_timeout.o)
 .debug_macro   0x00000000000098f6      0x15e /home/carlo/projects/nxp/lpc178x/tft_display/build/libtx.a(tx_thread_time_slice.o)
 .debug_macro   0x0000000000009a54      0x155 /home/carlo/projects/nxp/lpc178x/tft_display/build/libtx.a(tx_timer_expiration_process.o)
 .debug_macro   0x0000000000009ba9      0x14c /home/carlo/projects/nxp/lpc178x/tft_display/build/libtx.a(tx_timer_system_activate.o)
 .debug_macro   0x0000000000009cf5      0x14c /home/carlo/projects/nxp/lpc178x/tft_display/build/libtx.a(tx_timer_system_deactivate.o)
 .debug_macro   0x0000000000009e41      0x22a /home/carlo/projects/nxp/lpc178x/tft_display/build/liblpc.a(iocon_17xx_40xx.o)
 .debug_macro   0x000000000000a06b       0x22 /home/carlo/projects/nxp/lpc178x/tft_display/build/liblpc.a(iocon_17xx_40xx.o)
 .debug_macro   0x000000000000a08d      0xbb1 /home/carlo/projects/nxp/lpc178x/tft_display/build/liblpc.a(iocon_17xx_40xx.o)
 .debug_macro   0x000000000000ac3e      0x22a /home/carlo/projects/nxp/lpc178x/tft_display/build/liblpc.a(lcd_17xx_40xx.o)
 .debug_macro   0x000000000000ae68      0x22a /home/carlo/projects/nxp/lpc178x/tft_display/build/liblpc.a(sysinit_17xx_40xx.o)
 .debug_macro   0x000000000000b092      0x22a /home/carlo/projects/nxp/lpc178x/tft_display/build/liblpc.a(clock_17xx_40xx.o)

.debug_line     0x0000000000000000     0x8afa
 .debug_line    0x0000000000000000      0x9fa /home/carlo/projects/nxp/lpc178x/tft_display/build/obj/application/display.o
 .debug_line    0x00000000000009fa      0xa2e /home/carlo/projects/nxp/lpc178x/tft_display/build/obj/application/main.o
 .debug_line    0x0000000000001428      0x326 /home/carlo/projects/nxp/lpc178x/tft_display/build/obj/application/startup_ARMCM3.o
 .debug_line    0x000000000000174e       0xc2 /home/carlo/projects/nxp/lpc178x/tft_display/build/obj/application/tx_initialize_low_level.o
 .debug_line    0x0000000000001810      0x4b8 /home/carlo/projects/nxp/lpc178x/tft_display/build/libtx.a(tx_initialize_high_level.o)
 .debug_line    0x0000000000001cc8      0x455 /home/carlo/projects/nxp/lpc178x/tft_display/build/libtx.a(tx_initialize_kernel_enter.o)
 .debug_line    0x000000000000211d      0x44b /home/carlo/projects/nxp/lpc178x/tft_display/build/libtx.a(tx_thread_initialize.o)
 .debug_line    0x0000000000002568      0x468 /home/carlo/projects/nxp/lpc178x/tft_display/build/libtx.a(tx_timer_initialize.o)
 .debug_line    0x00000000000029d0      0x5ac /home/carlo/projects/nxp/lpc178x/tft_display/build/libtx.a(tx_timer_thread_entry.o)
 .debug_line    0x0000000000002f7c       0xc6 /home/carlo/projects/nxp/lpc178x/tft_display/build/libtx.a(tx_thread_schedule.o)
 .debug_line    0x0000000000003042       0xdc /home/carlo/projects/nxp/lpc178x/tft_display/build/libtx.a(tx_timer_interrupt.o)
 .debug_line    0x000000000000311e      0x57a /home/carlo/projects/nxp/lpc178x/tft_display/build/libtx.a(txe_thread_create.o)
 .debug_line    0x0000000000003698      0x53e /home/carlo/projects/nxp/lpc178x/tft_display/build/libtx.a(tx_thread_create.o)
 .debug_line    0x0000000000003bd6      0x4a3 /home/carlo/projects/nxp/lpc178x/tft_display/build/libtx.a(tx_thread_shell_entry.o)
 .debug_line    0x0000000000004079      0x468 /home/carlo/projects/nxp/lpc178x/tft_display/build/libtx.a(tx_thread_system_preempt_check.o)
 .debug_line    0x00000000000044e1      0x5c4 /home/carlo/projects/nxp/lpc178x/tft_display/build/libtx.a(tx_thread_system_resume.o)
 .debug_line    0x0000000000004aa5      0x676 /home/carlo/projects/nxp/lpc178x/tft_display/build/libtx.a(tx_thread_system_suspend.o)
 .debug_line    0x000000000000511b      0x481 /home/carlo/projects/nxp/lpc178x/tft_display/build/libtx.a(tx_thread_timeout.o)
 .debug_line    0x000000000000559c      0x490 /home/carlo/projects/nxp/lpc178x/tft_display/build/libtx.a(tx_thread_time_slice.o)
 .debug_line    0x0000000000005a2c      0x460 /home/carlo/projects/nxp/lpc178x/tft_display/build/libtx.a(tx_timer_expiration_process.o)
 .debug_line    0x0000000000005e8c      0x467 /home/carlo/projects/nxp/lpc178x/tft_display/build/libtx.a(tx_timer_system_activate.o)
 .debug_line    0x00000000000062f3      0x444 /home/carlo/projects/nxp/lpc178x/tft_display/build/libtx.a(tx_timer_system_deactivate.o)
 .debug_line    0x0000000000006737       0x9c /home/carlo/projects/nxp/lpc178x/tft_display/build/libtx.a(tx_thread_stack_build.o)
 .debug_line    0x00000000000067d3      0x6bc /home/carlo/projects/nxp/lpc178x/tft_display/build/liblpc.a(iocon_17xx_40xx.o)
 .debug_line    0x0000000000006e8f      0x945 /home/carlo/projects/nxp/lpc178x/tft_display/build/liblpc.a(lcd_17xx_40xx.o)
 .debug_line    0x00000000000077d4      0x7ac /home/carlo/projects/nxp/lpc178x/tft_display/build/liblpc.a(sysinit_17xx_40xx.o)
 .debug_line    0x0000000000007f80      0xb7a /home/carlo/projects/nxp/lpc178x/tft_display/build/liblpc.a(clock_17xx_40xx.o)

.debug_str      0x0000000000000000    0x21a71
 .debug_str     0x0000000000000000    0x1dce4 /home/carlo/projects/nxp/lpc178x/tft_display/build/obj/application/display.o
                                      0x1e0a4 (size before relaxing)
 .debug_str     0x000000000001dce4      0x7d2 /home/carlo/projects/nxp/lpc178x/tft_display/build/obj/application/main.o
                                      0x1e808 (size before relaxing)
 .debug_str     0x000000000001e4b6      0x2c0 /home/carlo/projects/nxp/lpc178x/tft_display/build/obj/application/startup_ARMCM3.o
                                       0x3cac (size before relaxing)
 .debug_str     0x000000000001e776       0x65 /home/carlo/projects/nxp/lpc178x/tft_display/build/obj/application/tx_initialize_low_level.o
                                         0x9e (size before relaxing)
 .debug_str     0x000000000001e7db     0x1802 /home/carlo/projects/nxp/lpc178x/tft_display/build/libtx.a(tx_initialize_high_level.o)
                                       0xa40d (size before relaxing)
 .debug_str     0x000000000001ffdd       0x7e /home/carlo/projects/nxp/lpc178x/tft_display/build/libtx.a(tx_initialize_kernel_enter.o)
                                       0x8fbf (size before relaxing)
 .debug_str     0x000000000002005b      0x1a1 /home/carlo/projects/nxp/lpc178x/tft_display/build/libtx.a(tx_thread_initialize.o)
                                       0x9659 (size before relaxing)
 .debug_str     0x00000000000201fc      0x22b /home/carlo/projects/nxp/lpc178x/tft_display/build/libtx.a(tx_timer_initialize.o)
                                       0x9612 (size before relaxing)
 .debug_str     0x0000000000020427      0x114 /home/carlo/projects/nxp/lpc178x/tft_display/build/libtx.a(tx_timer_thread_entry.o)
                                       0x95be (size before relaxing)
 .debug_str     0x000000000002053b       0x50 /home/carlo/projects/nxp/lpc178x/tft_display/build/libtx.a(tx_thread_schedule.o)
                                         0x8b (size before relaxing)